Component: ARM Compiler 5.06 update 2 (build 183) Tool: armlink [4d35b7]

==============================================================================

Section Cross References

    startup_stm32f205xx.o(RESET) refers to startup_stm32f205xx.o(STACK) for __initial_sp
    startup_stm32f205xx.o(RESET) refers to startup_stm32f205xx.o(.text) for Reset_Handler
    startup_stm32f205xx.o(RESET) refers to stm32f2xx_it.o(i.NMI_Handler) for NMI_Handler
    startup_stm32f205xx.o(RESET) refers to stm32f2xx_it.o(i.HardFault_Handler) for HardFault_Handler
    startup_stm32f205xx.o(RESET) refers to stm32f2xx_it.o(i.MemManage_Handler) for MemManage_Handler
    startup_stm32f205xx.o(RESET) refers to stm32f2xx_it.o(i.BusFault_Handler) for BusFault_Handler
    startup_stm32f205xx.o(RESET) refers to stm32f2xx_it.o(i.UsageFault_Handler) for UsageFault_Handler
    startup_stm32f205xx.o(RESET) refers to stm32f2xx_it.o(i.SVC_Handler) for SVC_Handler
    startup_stm32f205xx.o(RESET) refers to stm32f2xx_it.o(i.DebugMon_Handler) for DebugMon_Handler
    startup_stm32f205xx.o(RESET) refers to stm32f2xx_it.o(i.PendSV_Handler) for PendSV_Handler
    startup_stm32f205xx.o(RESET) refers to stm32f2xx_it.o(i.SysTick_Handler) for SysTick_Handler
    startup_stm32f205xx.o(RESET) refers to stm32f2xx_it.o(i.PVD_IRQHandler) for PVD_IRQHandler
    startup_stm32f205xx.o(RESET) refers to stm32f2xx_it.o(i.FLASH_IRQHandler) for FLASH_IRQHandler
    startup_stm32f205xx.o(RESET) refers to stm32f2xx_it.o(i.RCC_IRQHandler) for RCC_IRQHandler
    startup_stm32f205xx.o(RESET) refers to stm32f2xx_it.o(i.CAN1_TX_IRQHandler) for CAN1_TX_IRQHandler
    startup_stm32f205xx.o(RESET) refers to stm32f2xx_it.o(i.CAN1_RX0_IRQHandler) for CAN1_RX0_IRQHandler
    startup_stm32f205xx.o(RESET) refers to stm32f2xx_it.o(i.CAN1_RX1_IRQHandler) for CAN1_RX1_IRQHandler
    startup_stm32f205xx.o(RESET) refers to stm32f2xx_it.o(i.CAN1_SCE_IRQHandler) for CAN1_SCE_IRQHandler
    startup_stm32f205xx.o(.text) refers to system_stm32f2xx.o(i.SystemInit) for SystemInit
    startup_stm32f205xx.o(.text) refers to entry.o(.ARM.Collect$$$$00000000) for __main
    main.o(i.HAL_CAN_RxCpltCallback) refers to stm32f2xx_hal_can.o(i.HAL_CAN_Receive_IT) for HAL_CAN_Receive_IT
    main.o(i.HAL_CAN_RxCpltCallback) refers to memcpya.o(.text) for __aeabi_memcpy
    main.o(i.HAL_CAN_RxCpltCallback) refers to stm32f2xx_hal_cortex.o(i.HAL_NVIC_DisableIRQ) for HAL_NVIC_DisableIRQ
    main.o(i.HAL_CAN_RxCpltCallback) refers to stm32f2xx_hal_gpio.o(i.HAL_GPIO_TogglePin) for HAL_GPIO_TogglePin
    main.o(i.HAL_CAN_RxCpltCallback) refers to stm32f2xx_hal_crc.o(i.HAL_CRC_Calculate) for HAL_CRC_Calculate
    main.o(i.HAL_CAN_RxCpltCallback) refers to stm32f2xx_hal_flash.o(i.HAL_FLASH_Unlock) for HAL_FLASH_Unlock
    main.o(i.HAL_CAN_RxCpltCallback) refers to stm32f2xx_hal_flash_ex.o(i.HAL_FLASHEx_Erase) for HAL_FLASHEx_Erase
    main.o(i.HAL_CAN_RxCpltCallback) refers to stm32f2xx_hal_flash.o(i.HAL_FLASH_Program) for HAL_FLASH_Program
    main.o(i.HAL_CAN_RxCpltCallback) refers to stm32f2xx_hal_flash.o(i.HAL_FLASH_Lock) for HAL_FLASH_Lock
    main.o(i.HAL_CAN_RxCpltCallback) refers to main.o(i.TransmitResponsePacket) for TransmitResponsePacket
    main.o(i.HAL_CAN_RxCpltCallback) refers to stm32f2xx_hal_cortex.o(i.HAL_NVIC_EnableIRQ) for HAL_NVIC_EnableIRQ
    main.o(i.HAL_CAN_RxCpltCallback) refers to memseta.o(.text) for __aeabi_memclr4
    main.o(i.HAL_CAN_RxCpltCallback) refers to main.o(i.JumpToApplication) for JumpToApplication
    main.o(i.HAL_CAN_RxCpltCallback) refers to can.o(.bss) for hcan1
    main.o(i.HAL_CAN_RxCpltCallback) refers to main.o(.data) for .data
    main.o(i.HAL_CAN_RxCpltCallback) refers to main.o(.bss) for .bss
    main.o(i.HAL_CAN_RxCpltCallback) refers to crc.o(.data) for hcrc
    main.o(i.JumpToApplication) refers to stm32f2xx_hal.o(i.HAL_DeInit) for HAL_DeInit
    main.o(i.SystemClock_Config) refers to memseta.o(.text) for __aeabi_memclr4
    main.o(i.SystemClock_Config) refers to stm32f2xx_hal_rcc.o(i.HAL_RCC_OscConfig) for HAL_RCC_OscConfig
    main.o(i.SystemClock_Config) refers to stm32f2xx_hal_rcc.o(i.HAL_RCC_ClockConfig) for HAL_RCC_ClockConfig
    main.o(i.TransmitResponsePacket) refers to stm32f2xx_hal_can.o(i.HAL_CAN_Transmit) for HAL_CAN_Transmit
    main.o(i.TransmitResponsePacket) refers to can.o(.bss) for hcan1
    main.o(i.main) refers to stm32f2xx_hal.o(i.HAL_Init) for HAL_Init
    main.o(i.main) refers to main.o(i.SystemClock_Config) for SystemClock_Config
    main.o(i.main) refers to gpio.o(i.MX_GPIO_Init) for MX_GPIO_Init
    main.o(i.main) refers to can.o(i.MX_CAN1_Init) for MX_CAN1_Init
    main.o(i.main) refers to crc.o(i.MX_CRC_Init) for MX_CRC_Init
    main.o(i.main) refers to stm32f2xx_hal_can.o(i.HAL_CAN_ConfigFilter) for HAL_CAN_ConfigFilter
    main.o(i.main) refers to stm32f2xx_hal_gpio.o(i.HAL_GPIO_WritePin) for HAL_GPIO_WritePin
    main.o(i.main) refers to stm32f2xx_hal_can.o(i.HAL_CAN_Receive_IT) for HAL_CAN_Receive_IT
    main.o(i.main) refers to stm32f2xx_hal.o(i.HAL_Delay) for HAL_Delay
    main.o(i.main) refers to main.o(i.JumpToApplication) for JumpToApplication
    main.o(i.main) refers to main.o(.bss) for .bss
    main.o(i.main) refers to can.o(.bss) for hcan1
    main.o(i.main) refers to main.o(.data) for .data
    gpio.o(i.MX_GPIO_Init) refers to memseta.o(.text) for __aeabi_memclr4
    gpio.o(i.MX_GPIO_Init) refers to stm32f2xx_hal_gpio.o(i.HAL_GPIO_WritePin) for HAL_GPIO_WritePin
    gpio.o(i.MX_GPIO_Init) refers to stm32f2xx_hal_gpio.o(i.HAL_GPIO_Init) for HAL_GPIO_Init
    can.o(i.HAL_CAN_MspDeInit) refers to stm32f2xx_hal_gpio.o(i.HAL_GPIO_DeInit) for HAL_GPIO_DeInit
    can.o(i.HAL_CAN_MspDeInit) refers to stm32f2xx_hal_cortex.o(i.HAL_NVIC_DisableIRQ) for HAL_NVIC_DisableIRQ
    can.o(i.HAL_CAN_MspInit) refers to memseta.o(.text) for __aeabi_memclr4
    can.o(i.HAL_CAN_MspInit) refers to stm32f2xx_hal_gpio.o(i.HAL_GPIO_Init) for HAL_GPIO_Init
    can.o(i.HAL_CAN_MspInit) refers to stm32f2xx_hal_cortex.o(i.HAL_NVIC_SetPriority) for HAL_NVIC_SetPriority
    can.o(i.HAL_CAN_MspInit) refers to stm32f2xx_hal_cortex.o(i.HAL_NVIC_EnableIRQ) for HAL_NVIC_EnableIRQ
    can.o(i.MX_CAN1_Init) refers to stm32f2xx_hal_can.o(i.HAL_CAN_Init) for HAL_CAN_Init
    can.o(i.MX_CAN1_Init) refers to main.o(i.Error_Handler) for Error_Handler
    can.o(i.MX_CAN1_Init) refers to can.o(.bss) for .bss
    crc.o(i.MX_CRC_Init) refers to stm32f2xx_hal_crc.o(i.HAL_CRC_Init) for HAL_CRC_Init
    crc.o(i.MX_CRC_Init) refers to main.o(i.Error_Handler) for Error_Handler
    crc.o(i.MX_CRC_Init) refers to crc.o(.data) for .data
    stm32f2xx_it.o(i.CAN1_RX0_IRQHandler) refers to stm32f2xx_hal_can.o(i.HAL_CAN_IRQHandler) for HAL_CAN_IRQHandler
    stm32f2xx_it.o(i.CAN1_RX0_IRQHandler) refers to can.o(.bss) for hcan1
    stm32f2xx_it.o(i.CAN1_RX1_IRQHandler) refers to stm32f2xx_hal_can.o(i.HAL_CAN_IRQHandler) for HAL_CAN_IRQHandler
    stm32f2xx_it.o(i.CAN1_RX1_IRQHandler) refers to can.o(.bss) for hcan1
    stm32f2xx_it.o(i.CAN1_SCE_IRQHandler) refers to stm32f2xx_hal_can.o(i.HAL_CAN_IRQHandler) for HAL_CAN_IRQHandler
    stm32f2xx_it.o(i.CAN1_SCE_IRQHandler) refers to can.o(.bss) for hcan1
    stm32f2xx_it.o(i.CAN1_TX_IRQHandler) refers to stm32f2xx_hal_can.o(i.HAL_CAN_IRQHandler) for HAL_CAN_IRQHandler
    stm32f2xx_it.o(i.CAN1_TX_IRQHandler) refers to can.o(.bss) for hcan1
    stm32f2xx_it.o(i.FLASH_IRQHandler) refers to stm32f2xx_hal_flash.o(i.HAL_FLASH_IRQHandler) for HAL_FLASH_IRQHandler
    stm32f2xx_it.o(i.PVD_IRQHandler) refers to stm32f2xx_hal_pwr.o(i.HAL_PWR_PVD_IRQHandler) for HAL_PWR_PVD_IRQHandler
    stm32f2xx_it.o(i.SysTick_Handler) refers to stm32f2xx_hal.o(i.HAL_IncTick) for HAL_IncTick
    stm32f2xx_it.o(i.SysTick_Handler) refers to stm32f2xx_hal_cortex.o(i.HAL_SYSTICK_IRQHandler) for HAL_SYSTICK_IRQHandler
    stm32f2xx_hal_msp.o(i.HAL_MspInit) refers to stm32f2xx_hal_cortex.o(i.HAL_NVIC_SetPriority) for HAL_NVIC_SetPriority
    stm32f2xx_hal_msp.o(i.HAL_MspInit) refers to stm32f2xx_hal_cortex.o(i.HAL_NVIC_EnableIRQ) for HAL_NVIC_EnableIRQ
    stm32f2xx_hal_can.o(i.CAN_Receive_IT) refers to main.o(i.HAL_CAN_RxCpltCallback) for HAL_CAN_RxCpltCallback
    stm32f2xx_hal_can.o(i.HAL_CAN_DeInit) refers to can.o(i.HAL_CAN_MspDeInit) for HAL_CAN_MspDeInit
    stm32f2xx_hal_can.o(i.HAL_CAN_IRQHandler) refers to stm32f2xx_hal_can.o(i.HAL_CAN_TxCpltCallback) for HAL_CAN_TxCpltCallback
    stm32f2xx_hal_can.o(i.HAL_CAN_IRQHandler) refers to stm32f2xx_hal_can.o(i.CAN_Receive_IT) for CAN_Receive_IT
    stm32f2xx_hal_can.o(i.HAL_CAN_IRQHandler) refers to stm32f2xx_hal_can.o(i.HAL_CAN_ErrorCallback) for HAL_CAN_ErrorCallback
    stm32f2xx_hal_can.o(i.HAL_CAN_Init) refers to can.o(i.HAL_CAN_MspInit) for HAL_CAN_MspInit
    stm32f2xx_hal_can.o(i.HAL_CAN_Init) refers to stm32f2xx_hal.o(i.HAL_GetTick) for HAL_GetTick
    stm32f2xx_hal_can.o(i.HAL_CAN_Receive) refers to stm32f2xx_hal.o(i.HAL_GetTick) for HAL_GetTick
    stm32f2xx_hal_can.o(i.HAL_CAN_Sleep) refers to stm32f2xx_hal.o(i.HAL_GetTick) for HAL_GetTick
    stm32f2xx_hal_can.o(i.HAL_CAN_Transmit) refers to stm32f2xx_hal.o(i.HAL_GetTick) for HAL_GetTick
    stm32f2xx_hal_can.o(i.HAL_CAN_WakeUp) refers to stm32f2xx_hal.o(i.HAL_GetTick) for HAL_GetTick
    stm32f2xx_hal_crc.o(i.HAL_CRC_DeInit) refers to crc.o(i.HAL_CRC_MspDeInit) for HAL_CRC_MspDeInit
    stm32f2xx_hal_crc.o(i.HAL_CRC_Init) refers to crc.o(i.HAL_CRC_MspInit) for HAL_CRC_MspInit
    stm32f2xx_hal.o(i.HAL_DeInit) refers to stm32f2xx_hal.o(i.HAL_MspDeInit) for HAL_MspDeInit
    stm32f2xx_hal.o(i.HAL_Delay) refers to stm32f2xx_hal.o(i.HAL_GetTick) for HAL_GetTick
    stm32f2xx_hal.o(i.HAL_GetTick) refers to stm32f2xx_hal.o(.data) for .data
    stm32f2xx_hal.o(i.HAL_IncTick) refers to stm32f2xx_hal.o(.data) for .data
    stm32f2xx_hal.o(i.HAL_Init) refers to stm32f2xx_hal_cortex.o(i.HAL_NVIC_SetPriorityGrouping) for HAL_NVIC_SetPriorityGrouping
    stm32f2xx_hal.o(i.HAL_Init) refers to stm32f2xx_hal.o(i.HAL_InitTick) for HAL_InitTick
    stm32f2xx_hal.o(i.HAL_Init) refers to stm32f2xx_hal_msp.o(i.HAL_MspInit) for HAL_MspInit
    stm32f2xx_hal.o(i.HAL_InitTick) refers to stm32f2xx_hal_cortex.o(i.HAL_SYSTICK_Config) for HAL_SYSTICK_Config
    stm32f2xx_hal.o(i.HAL_InitTick) refers to stm32f2xx_hal_cortex.o(i.HAL_NVIC_SetPriority) for HAL_NVIC_SetPriority
    stm32f2xx_hal.o(i.HAL_InitTick) refers to system_stm32f2xx.o(.data) for SystemCoreClock
    stm32f2xx_hal_rcc.o(i.HAL_RCC_ClockConfig) refers to stm32f2xx_hal.o(i.HAL_GetTick) for HAL_GetTick
    stm32f2xx_hal_rcc.o(i.HAL_RCC_ClockConfig) refers to stm32f2xx_hal_rcc.o(i.HAL_RCC_GetSysClockFreq) for HAL_RCC_GetSysClockFreq
    stm32f2xx_hal_rcc.o(i.HAL_RCC_ClockConfig) refers to stm32f2xx_hal.o(i.HAL_InitTick) for HAL_InitTick
    stm32f2xx_hal_rcc.o(i.HAL_RCC_ClockConfig) refers to system_stm32f2xx.o(.constdata) for AHBPrescTable
    stm32f2xx_hal_rcc.o(i.HAL_RCC_ClockConfig) refers to system_stm32f2xx.o(.data) for SystemCoreClock
    stm32f2xx_hal_rcc.o(i.HAL_RCC_DeInit) refers to stm32f2xx_hal.o(i.HAL_GetTick) for HAL_GetTick
    stm32f2xx_hal_rcc.o(i.HAL_RCC_DeInit) refers to stm32f2xx_hal.o(i.HAL_InitTick) for HAL_InitTick
    stm32f2xx_hal_rcc.o(i.HAL_RCC_DeInit) refers to system_stm32f2xx.o(.data) for SystemCoreClock
    stm32f2xx_hal_rcc.o(i.HAL_RCC_GetHCLKFreq) refers to system_stm32f2xx.o(.data) for SystemCoreClock
    stm32f2xx_hal_rcc.o(i.HAL_RCC_GetPCLK1Freq) refers to system_stm32f2xx.o(.data) for SystemCoreClock
    stm32f2xx_hal_rcc.o(i.HAL_RCC_GetPCLK1Freq) refers to system_stm32f2xx.o(.constdata) for APBPrescTable
    stm32f2xx_hal_rcc.o(i.HAL_RCC_GetPCLK2Freq) refers to system_stm32f2xx.o(.data) for SystemCoreClock
    stm32f2xx_hal_rcc.o(i.HAL_RCC_GetPCLK2Freq) refers to system_stm32f2xx.o(.constdata) for APBPrescTable
    stm32f2xx_hal_rcc.o(i.HAL_RCC_GetSysClockFreq) refers to uldiv.o(.text) for __aeabi_uldivmod
    stm32f2xx_hal_rcc.o(i.HAL_RCC_MCOConfig) refers to stm32f2xx_hal_gpio.o(i.HAL_GPIO_Init) for HAL_GPIO_Init
    stm32f2xx_hal_rcc.o(i.HAL_RCC_NMI_IRQHandler) refers to stm32f2xx_hal_rcc.o(i.HAL_RCC_CSSCallback) for HAL_RCC_CSSCallback
    stm32f2xx_hal_rcc.o(i.HAL_RCC_OscConfig) refers to stm32f2xx_hal.o(i.HAL_GetTick) for HAL_GetTick
    stm32f2xx_hal_rcc_ex.o(i.HAL_RCCEx_PeriphCLKConfig) refers to stm32f2xx_hal.o(i.HAL_GetTick) for HAL_GetTick
    stm32f2xx_hal_cortex.o(i.HAL_NVIC_SetPriority) refers to stm32f2xx_hal_cortex.o(i.NVIC_SetPriority) for NVIC_SetPriority
    stm32f2xx_hal_cortex.o(i.HAL_SYSTICK_Config) refers to stm32f2xx_hal_cortex.o(i.NVIC_SetPriority) for NVIC_SetPriority
    stm32f2xx_hal_cortex.o(i.HAL_SYSTICK_IRQHandler) refers to stm32f2xx_hal_cortex.o(i.HAL_SYSTICK_Callback) for HAL_SYSTICK_Callback
    stm32f2xx_hal_flash.o(i.FLASH_SetErrorCode) refers to stm32f2xx_hal_flash.o(.bss) for .bss
    stm32f2xx_hal_flash.o(i.FLASH_WaitForLastOperation) refers to stm32f2xx_hal.o(i.HAL_GetTick) for HAL_GetTick
    stm32f2xx_hal_flash.o(i.FLASH_WaitForLastOperation) refers to stm32f2xx_hal_flash.o(i.FLASH_SetErrorCode) for FLASH_SetErrorCode
    stm32f2xx_hal_flash.o(i.FLASH_WaitForLastOperation) refers to stm32f2xx_hal_flash.o(.bss) for .bss
    stm32f2xx_hal_flash.o(i.HAL_FLASH_GetError) refers to stm32f2xx_hal_flash.o(.bss) for .bss
    stm32f2xx_hal_flash.o(i.HAL_FLASH_IRQHandler) refers to stm32f2xx_hal_flash.o(i.FLASH_SetErrorCode) for FLASH_SetErrorCode
    stm32f2xx_hal_flash.o(i.HAL_FLASH_IRQHandler) refers to stm32f2xx_hal_flash.o(i.HAL_FLASH_OperationErrorCallback) for HAL_FLASH_OperationErrorCallback
    stm32f2xx_hal_flash.o(i.HAL_FLASH_IRQHandler) refers to stm32f2xx_hal_flash.o(i.HAL_FLASH_EndOfOperationCallback) for HAL_FLASH_EndOfOperationCallback
    stm32f2xx_hal_flash.o(i.HAL_FLASH_IRQHandler) refers to stm32f2xx_hal_flash_ex.o(i.FLASH_Erase_Sector) for FLASH_Erase_Sector
    stm32f2xx_hal_flash.o(i.HAL_FLASH_IRQHandler) refers to stm32f2xx_hal_flash_ex.o(i.FLASH_FlushCaches) for FLASH_FlushCaches
    stm32f2xx_hal_flash.o(i.HAL_FLASH_IRQHandler) refers to stm32f2xx_hal_flash.o(.bss) for .bss
    stm32f2xx_hal_flash.o(i.HAL_FLASH_OB_Launch) refers to stm32f2xx_hal_flash.o(i.FLASH_WaitForLastOperation) for FLASH_WaitForLastOperation
    stm32f2xx_hal_flash.o(i.HAL_FLASH_Program) refers to stm32f2xx_hal_flash.o(i.FLASH_WaitForLastOperation) for FLASH_WaitForLastOperation
    stm32f2xx_hal_flash.o(i.HAL_FLASH_Program) refers to stm32f2xx_hal_flash.o(i.FLASH_Program_DoubleWord) for FLASH_Program_DoubleWord
    stm32f2xx_hal_flash.o(i.HAL_FLASH_Program) refers to stm32f2xx_hal_flash.o(i.FLASH_Program_Byte) for FLASH_Program_Byte
    stm32f2xx_hal_flash.o(i.HAL_FLASH_Program) refers to stm32f2xx_hal_flash.o(i.FLASH_Program_HalfWord) for FLASH_Program_HalfWord
    stm32f2xx_hal_flash.o(i.HAL_FLASH_Program) refers to stm32f2xx_hal_flash.o(i.FLASH_Program_Word) for FLASH_Program_Word
    stm32f2xx_hal_flash.o(i.HAL_FLASH_Program) refers to stm32f2xx_hal_flash.o(.bss) for .bss
    stm32f2xx_hal_flash.o(i.HAL_FLASH_Program_IT) refers to stm32f2xx_hal_flash.o(i.FLASH_Program_DoubleWord) for FLASH_Program_DoubleWord
    stm32f2xx_hal_flash.o(i.HAL_FLASH_Program_IT) refers to stm32f2xx_hal_flash.o(i.FLASH_Program_Byte) for FLASH_Program_Byte
    stm32f2xx_hal_flash.o(i.HAL_FLASH_Program_IT) refers to stm32f2xx_hal_flash.o(i.FLASH_Program_HalfWord) for FLASH_Program_HalfWord
    stm32f2xx_hal_flash.o(i.HAL_FLASH_Program_IT) refers to stm32f2xx_hal_flash.o(i.FLASH_Program_Word) for FLASH_Program_Word
    stm32f2xx_hal_flash.o(i.HAL_FLASH_Program_IT) refers to stm32f2xx_hal_flash.o(.bss) for .bss
    stm32f2xx_hal_flash_ex.o(i.HAL_FLASHEx_Erase) refers to stm32f2xx_hal_flash.o(i.FLASH_WaitForLastOperation) for FLASH_WaitForLastOperation
    stm32f2xx_hal_flash_ex.o(i.HAL_FLASHEx_Erase) refers to stm32f2xx_hal_flash_ex.o(i.FLASH_MassErase) for FLASH_MassErase
    stm32f2xx_hal_flash_ex.o(i.HAL_FLASHEx_Erase) refers to stm32f2xx_hal_flash_ex.o(i.FLASH_Erase_Sector) for FLASH_Erase_Sector
    stm32f2xx_hal_flash_ex.o(i.HAL_FLASHEx_Erase) refers to stm32f2xx_hal_flash_ex.o(i.FLASH_FlushCaches) for FLASH_FlushCaches
    stm32f2xx_hal_flash_ex.o(i.HAL_FLASHEx_Erase) refers to stm32f2xx_hal_flash.o(.bss) for pFlash
    stm32f2xx_hal_flash_ex.o(i.HAL_FLASHEx_Erase_IT) refers to stm32f2xx_hal_flash_ex.o(i.FLASH_Erase_Sector) for FLASH_Erase_Sector
    stm32f2xx_hal_flash_ex.o(i.HAL_FLASHEx_Erase_IT) refers to stm32f2xx_hal_flash_ex.o(i.FLASH_MassErase) for FLASH_MassErase
    stm32f2xx_hal_flash_ex.o(i.HAL_FLASHEx_Erase_IT) refers to stm32f2xx_hal_flash.o(.bss) for pFlash
    stm32f2xx_hal_flash_ex.o(i.HAL_FLASHEx_OBProgram) refers to stm32f2xx_hal_flash.o(i.FLASH_WaitForLastOperation) for FLASH_WaitForLastOperation
    stm32f2xx_hal_flash_ex.o(i.HAL_FLASHEx_OBProgram) refers to stm32f2xx_hal_flash.o(.bss) for pFlash
    stm32f2xx_hal_pwr.o(i.HAL_PWR_PVD_IRQHandler) refers to stm32f2xx_hal_pwr.o(i.HAL_PWR_PVDCallback) for HAL_PWR_PVDCallback
    stm32f2xx_hal_pwr_ex.o(i.HAL_PWREx_DisableBkUpReg) refers to stm32f2xx_hal.o(i.HAL_GetTick) for HAL_GetTick
    stm32f2xx_hal_pwr_ex.o(i.HAL_PWREx_EnableBkUpReg) refers to stm32f2xx_hal.o(i.HAL_GetTick) for HAL_GetTick
    stm32f2xx_hal_gpio.o(i.HAL_GPIO_EXTI_IRQHandler) refers to stm32f2xx_hal_gpio.o(i.HAL_GPIO_EXTI_Callback) for HAL_GPIO_EXTI_Callback
    stm32f2xx_hal_dma.o(i.DMA_CalcBaseAndBitshift) refers to stm32f2xx_hal_dma.o(.constdata) for .constdata
    stm32f2xx_hal_dma.o(i.HAL_DMA_Abort) refers to stm32f2xx_hal.o(i.HAL_GetTick) for HAL_GetTick
    stm32f2xx_hal_dma.o(i.HAL_DMA_DeInit) refers to stm32f2xx_hal_dma.o(i.DMA_CalcBaseAndBitshift) for DMA_CalcBaseAndBitshift
    stm32f2xx_hal_dma.o(i.HAL_DMA_IRQHandler) refers to system_stm32f2xx.o(.data) for SystemCoreClock
    stm32f2xx_hal_dma.o(i.HAL_DMA_Init) refers to stm32f2xx_hal.o(i.HAL_GetTick) for HAL_GetTick
    stm32f2xx_hal_dma.o(i.HAL_DMA_Init) refers to stm32f2xx_hal_dma.o(i.DMA_CheckFifoParam) for DMA_CheckFifoParam
    stm32f2xx_hal_dma.o(i.HAL_DMA_Init) refers to stm32f2xx_hal_dma.o(i.DMA_CalcBaseAndBitshift) for DMA_CalcBaseAndBitshift
    stm32f2xx_hal_dma.o(i.HAL_DMA_PollForTransfer) refers to stm32f2xx_hal.o(i.HAL_GetTick) for HAL_GetTick
    stm32f2xx_hal_dma.o(i.HAL_DMA_PollForTransfer) refers to stm32f2xx_hal_dma.o(i.HAL_DMA_Abort) for HAL_DMA_Abort
    stm32f2xx_hal_dma.o(i.HAL_DMA_Start) refers to stm32f2xx_hal_dma.o(i.DMA_SetConfig) for DMA_SetConfig
    stm32f2xx_hal_dma.o(i.HAL_DMA_Start_IT) refers to stm32f2xx_hal_dma.o(i.DMA_SetConfig) for DMA_SetConfig
    stm32f2xx_hal_dma_ex.o(i.HAL_DMAEx_MultiBufferStart) refers to stm32f2xx_hal_dma_ex.o(i.DMA_MultiBufferSetConfig) for DMA_MultiBufferSetConfig
    stm32f2xx_hal_dma_ex.o(i.HAL_DMAEx_MultiBufferStart_IT) refers to stm32f2xx_hal_dma_ex.o(i.DMA_MultiBufferSetConfig) for DMA_MultiBufferSetConfig
    system_stm32f2xx.o(i.SystemCoreClockUpdate) refers to system_stm32f2xx.o(.data) for .data
    system_stm32f2xx.o(i.SystemCoreClockUpdate) refers to system_stm32f2xx.o(.constdata) for .constdata
    entry.o(.ARM.Collect$$$$00000000) refers (Special) to entry10a.o(.ARM.Collect$$$$0000000D) for __rt_final_cpp
    entry.o(.ARM.Collect$$$$00000000) refers (Special) to entry11a.o(.ARM.Collect$$$$0000000F) for __rt_final_exit
    entry.o(.ARM.Collect$$$$00000000) refers (Special) to entry7b.o(.ARM.Collect$$$$00000008) for _main_clock
    entry.o(.ARM.Collect$$$$00000000) refers (Special) to entry8b.o(.ARM.Collect$$$$0000000A) for _main_cpp_init
    entry.o(.ARM.Collect$$$$00000000) refers (Special) to entry9a.o(.ARM.Collect$$$$0000000B) for _main_init
    entry.o(.ARM.Collect$$$$00000000) refers (Special) to entry5.o(.ARM.Collect$$$$00000004) for _main_scatterload
    entry.o(.ARM.Collect$$$$00000000) refers (Special) to entry2.o(.ARM.Collect$$$$00000001) for _main_stk
    uldiv.o(.text) refers to llushr.o(.text) for __aeabi_llsr
    uldiv.o(.text) refers to llshl.o(.text) for __aeabi_llsl
    entry2.o(.ARM.Collect$$$$00000001) refers to entry2.o(.ARM.Collect$$$$00002712) for __lit__00000000
    entry2.o(.ARM.Collect$$$$00002712) refers to startup_stm32f205xx.o(STACK) for __initial_sp
    entry2.o(__vectab_stack_and_reset_area) refers to startup_stm32f205xx.o(STACK) for __initial_sp
    entry2.o(__vectab_stack_and_reset_area) refers to entry.o(.ARM.Collect$$$$00000000) for __main
    entry5.o(.ARM.Collect$$$$00000004) refers to init.o(.text) for __scatterload
    entry9a.o(.ARM.Collect$$$$0000000B) refers to main.o(i.main) for main
    entry9b.o(.ARM.Collect$$$$0000000C) refers to main.o(i.main) for main
    init.o(.text) refers to entry5.o(.ARM.Collect$$$$00000004) for __main_after_scatterload


==============================================================================

Removing Unused input sections from the image.

    Removing startup_stm32f205xx.o(HEAP), (512 bytes).
    Removing main.o(.rev16_text), (4 bytes).
    Removing main.o(.revsh_text), (4 bytes).
    Removing main.o(.rrx_text), (6 bytes).
    Removing gpio.o(.rev16_text), (4 bytes).
    Removing gpio.o(.revsh_text), (4 bytes).
    Removing gpio.o(.rrx_text), (6 bytes).
    Removing can.o(.rev16_text), (4 bytes).
    Removing can.o(.revsh_text), (4 bytes).
    Removing can.o(.rrx_text), (6 bytes).
    Removing can.o(i.HAL_CAN_MspDeInit), (72 bytes).
    Removing crc.o(.rev16_text), (4 bytes).
    Removing crc.o(.revsh_text), (4 bytes).
    Removing crc.o(.rrx_text), (6 bytes).
    Removing crc.o(i.HAL_CRC_MspDeInit), (28 bytes).
    Removing stm32f2xx_it.o(.rev16_text), (4 bytes).
    Removing stm32f2xx_it.o(.revsh_text), (4 bytes).
    Removing stm32f2xx_it.o(.rrx_text), (6 bytes).
    Removing stm32f2xx_hal_msp.o(.rev16_text), (4 bytes).
    Removing stm32f2xx_hal_msp.o(.revsh_text), (4 bytes).
    Removing stm32f2xx_hal_msp.o(.rrx_text), (6 bytes).
    Removing stm32f2xx_hal_can.o(.rev16_text), (4 bytes).
    Removing stm32f2xx_hal_can.o(.revsh_text), (4 bytes).
    Removing stm32f2xx_hal_can.o(.rrx_text), (6 bytes).
    Removing stm32f2xx_hal_can.o(i.HAL_CAN_DeInit), (32 bytes).
    Removing stm32f2xx_hal_can.o(i.HAL_CAN_GetError), (4 bytes).
    Removing stm32f2xx_hal_can.o(i.HAL_CAN_GetState), (6 bytes).
    Removing stm32f2xx_hal_can.o(i.HAL_CAN_MspDeInit), (2 bytes).
    Removing stm32f2xx_hal_can.o(i.HAL_CAN_MspInit), (2 bytes).
    Removing stm32f2xx_hal_can.o(i.HAL_CAN_Receive), (470 bytes).
    Removing stm32f2xx_hal_can.o(i.HAL_CAN_RxCpltCallback), (2 bytes).
    Removing stm32f2xx_hal_can.o(i.HAL_CAN_Sleep), (118 bytes).
    Removing stm32f2xx_hal_can.o(i.HAL_CAN_Transmit_IT), (292 bytes).
    Removing stm32f2xx_hal_can.o(i.HAL_CAN_WakeUp), (106 bytes).
    Removing stm32f2xx_hal_crc.o(.rev16_text), (4 bytes).
    Removing stm32f2xx_hal_crc.o(.revsh_text), (4 bytes).
    Removing stm32f2xx_hal_crc.o(.rrx_text), (6 bytes).
    Removing stm32f2xx_hal_crc.o(i.HAL_CRC_Accumulate), (50 bytes).
    Removing stm32f2xx_hal_crc.o(i.HAL_CRC_DeInit), (36 bytes).
    Removing stm32f2xx_hal_crc.o(i.HAL_CRC_GetState), (4 bytes).
    Removing stm32f2xx_hal_crc.o(i.HAL_CRC_MspDeInit), (2 bytes).
    Removing stm32f2xx_hal_crc.o(i.HAL_CRC_MspInit), (2 bytes).
    Removing stm32f2xx_hal_tim.o(.rev16_text), (4 bytes).
    Removing stm32f2xx_hal_tim.o(.revsh_text), (4 bytes).
    Removing stm32f2xx_hal_tim.o(.rrx_text), (6 bytes).
    Removing stm32f2xx_hal_tim_ex.o(.rev16_text), (4 bytes).
    Removing stm32f2xx_hal_tim_ex.o(.revsh_text), (4 bytes).
    Removing stm32f2xx_hal_tim_ex.o(.rrx_text), (6 bytes).
    Removing stm32f2xx_hal.o(.rev16_text), (4 bytes).
    Removing stm32f2xx_hal.o(.revsh_text), (4 bytes).
    Removing stm32f2xx_hal.o(.rrx_text), (6 bytes).
    Removing stm32f2xx_hal.o(i.HAL_DBGMCU_DisableDBGSleepMode), (16 bytes).
    Removing stm32f2xx_hal.o(i.HAL_DBGMCU_DisableDBGStandbyMode), (16 bytes).
    Removing stm32f2xx_hal.o(i.HAL_DBGMCU_DisableDBGStopMode), (16 bytes).
    Removing stm32f2xx_hal.o(i.HAL_DBGMCU_EnableDBGSleepMode), (16 bytes).
    Removing stm32f2xx_hal.o(i.HAL_DBGMCU_EnableDBGStandbyMode), (16 bytes).
    Removing stm32f2xx_hal.o(i.HAL_DBGMCU_EnableDBGStopMode), (16 bytes).
    Removing stm32f2xx_hal.o(i.HAL_DisableCompensationCell), (28 bytes).
    Removing stm32f2xx_hal.o(i.HAL_EnableCompensationCell), (28 bytes).
    Removing stm32f2xx_hal.o(i.HAL_GetDEVID), (16 bytes).
    Removing stm32f2xx_hal.o(i.HAL_GetHalVersion), (8 bytes).
    Removing stm32f2xx_hal.o(i.HAL_GetREVID), (12 bytes).
    Removing stm32f2xx_hal.o(i.HAL_GetUID), (28 bytes).
    Removing stm32f2xx_hal.o(i.HAL_MspInit), (2 bytes).
    Removing stm32f2xx_hal.o(i.HAL_ResumeTick), (14 bytes).
    Removing stm32f2xx_hal.o(i.HAL_SuspendTick), (14 bytes).
    Removing stm32f2xx_hal_rcc.o(.rev16_text), (4 bytes).
    Removing stm32f2xx_hal_rcc.o(.revsh_text), (4 bytes).
    Removing stm32f2xx_hal_rcc.o(.rrx_text), (6 bytes).
    Removing stm32f2xx_hal_rcc.o(i.HAL_RCC_CSSCallback), (2 bytes).
    Removing stm32f2xx_hal_rcc.o(i.HAL_RCC_DeInit), (264 bytes).
    Removing stm32f2xx_hal_rcc.o(i.HAL_RCC_DisableCSS), (12 bytes).
    Removing stm32f2xx_hal_rcc.o(i.HAL_RCC_EnableCSS), (12 bytes).
    Removing stm32f2xx_hal_rcc.o(i.HAL_RCC_GetClockConfig), (64 bytes).
    Removing stm32f2xx_hal_rcc.o(i.HAL_RCC_GetHCLKFreq), (12 bytes).
    Removing stm32f2xx_hal_rcc.o(i.HAL_RCC_GetOscConfig), (224 bytes).
    Removing stm32f2xx_hal_rcc.o(i.HAL_RCC_GetPCLK1Freq), (48 bytes).
    Removing stm32f2xx_hal_rcc.o(i.HAL_RCC_GetPCLK2Freq), (48 bytes).
    Removing stm32f2xx_hal_rcc.o(i.HAL_RCC_MCOConfig), (140 bytes).
    Removing stm32f2xx_hal_rcc.o(i.HAL_RCC_NMI_IRQHandler), (28 bytes).
    Removing stm32f2xx_hal_rcc_ex.o(.rev16_text), (4 bytes).
    Removing stm32f2xx_hal_rcc_ex.o(.revsh_text), (4 bytes).
    Removing stm32f2xx_hal_rcc_ex.o(.rrx_text), (6 bytes).
    Removing stm32f2xx_hal_rcc_ex.o(i.HAL_RCCEx_GetPeriphCLKConfig), (80 bytes).
    Removing stm32f2xx_hal_rcc_ex.o(i.HAL_RCCEx_PeriphCLKConfig), (340 bytes).
    Removing stm32f2xx_hal_cortex.o(.rev16_text), (4 bytes).
    Removing stm32f2xx_hal_cortex.o(.revsh_text), (4 bytes).
    Removing stm32f2xx_hal_cortex.o(.rrx_text), (6 bytes).
    Removing stm32f2xx_hal_cortex.o(i.HAL_MPU_ConfigRegion), (84 bytes).
    Removing stm32f2xx_hal_cortex.o(i.HAL_MPU_Disable), (28 bytes).
    Removing stm32f2xx_hal_cortex.o(i.HAL_MPU_Enable), (36 bytes).
    Removing stm32f2xx_hal_cortex.o(i.HAL_NVIC_ClearPendingIRQ), (22 bytes).
    Removing stm32f2xx_hal_cortex.o(i.HAL_NVIC_GetActive), (32 bytes).
    Removing stm32f2xx_hal_cortex.o(i.HAL_NVIC_GetPendingIRQ), (32 bytes).
    Removing stm32f2xx_hal_cortex.o(i.HAL_NVIC_GetPriority), (82 bytes).
    Removing stm32f2xx_hal_cortex.o(i.HAL_NVIC_GetPriorityGrouping), (16 bytes).
    Removing stm32f2xx_hal_cortex.o(i.HAL_NVIC_SetPendingIRQ), (22 bytes).
    Removing stm32f2xx_hal_cortex.o(i.HAL_NVIC_SystemReset), (36 bytes).
    Removing stm32f2xx_hal_cortex.o(i.HAL_SYSTICK_CLKSourceConfig), (24 bytes).
    Removing stm32f2xx_hal_flash.o(.rev16_text), (4 bytes).
    Removing stm32f2xx_hal_flash.o(.revsh_text), (4 bytes).
    Removing stm32f2xx_hal_flash.o(.rrx_text), (6 bytes).
    Removing stm32f2xx_hal_flash.o(i.HAL_FLASH_GetError), (12 bytes).
    Removing stm32f2xx_hal_flash.o(i.HAL_FLASH_OB_Launch), (24 bytes).
    Removing stm32f2xx_hal_flash.o(i.HAL_FLASH_OB_Lock), (20 bytes).
    Removing stm32f2xx_hal_flash.o(i.HAL_FLASH_OB_Unlock), (40 bytes).
    Removing stm32f2xx_hal_flash.o(i.HAL_FLASH_Program_IT), (108 bytes).
    Removing stm32f2xx_hal_flash_ex.o(.rev16_text), (4 bytes).
    Removing stm32f2xx_hal_flash_ex.o(.revsh_text), (4 bytes).
    Removing stm32f2xx_hal_flash_ex.o(.rrx_text), (6 bytes).
    Removing stm32f2xx_hal_flash_ex.o(i.HAL_FLASHEx_Erase_IT), (104 bytes).
    Removing stm32f2xx_hal_flash_ex.o(i.HAL_FLASHEx_OBGetConfig), (64 bytes).
    Removing stm32f2xx_hal_flash_ex.o(i.HAL_FLASHEx_OBProgram), (204 bytes).
    Removing stm32f2xx_hal_pwr.o(.rev16_text), (4 bytes).
    Removing stm32f2xx_hal_pwr.o(.revsh_text), (4 bytes).
    Removing stm32f2xx_hal_pwr.o(.rrx_text), (6 bytes).
    Removing stm32f2xx_hal_pwr.o(i.HAL_PWR_ConfigPVD), (124 bytes).
    Removing stm32f2xx_hal_pwr.o(i.HAL_PWR_DeInit), (24 bytes).
    Removing stm32f2xx_hal_pwr.o(i.HAL_PWR_DisableBkUpAccess), (28 bytes).
    Removing stm32f2xx_hal_pwr.o(i.HAL_PWR_DisablePVD), (24 bytes).
    Removing stm32f2xx_hal_pwr.o(i.HAL_PWR_DisableSEVOnPend), (16 bytes).
    Removing stm32f2xx_hal_pwr.o(i.HAL_PWR_DisableSleepOnExit), (16 bytes).
    Removing stm32f2xx_hal_pwr.o(i.HAL_PWR_DisableWakeUpPin), (16 bytes).
    Removing stm32f2xx_hal_pwr.o(i.HAL_PWR_EnableBkUpAccess), (24 bytes).
    Removing stm32f2xx_hal_pwr.o(i.HAL_PWR_EnablePVD), (24 bytes).
    Removing stm32f2xx_hal_pwr.o(i.HAL_PWR_EnableSEVOnPend), (16 bytes).
    Removing stm32f2xx_hal_pwr.o(i.HAL_PWR_EnableSleepOnExit), (16 bytes).
    Removing stm32f2xx_hal_pwr.o(i.HAL_PWR_EnableWakeUpPin), (16 bytes).
    Removing stm32f2xx_hal_pwr.o(i.HAL_PWR_EnterSLEEPMode), (32 bytes).
    Removing stm32f2xx_hal_pwr.o(i.HAL_PWR_EnterSTANDBYMode), (32 bytes).
    Removing stm32f2xx_hal_pwr.o(i.HAL_PWR_EnterSTOPMode), (56 bytes).
    Removing stm32f2xx_hal_pwr_ex.o(.rev16_text), (4 bytes).
    Removing stm32f2xx_hal_pwr_ex.o(.revsh_text), (4 bytes).
    Removing stm32f2xx_hal_pwr_ex.o(.rrx_text), (6 bytes).
    Removing stm32f2xx_hal_pwr_ex.o(i.HAL_PWREx_DisableBkUpReg), (76 bytes).
    Removing stm32f2xx_hal_pwr_ex.o(i.HAL_PWREx_DisableFlashPowerDown), (28 bytes).
    Removing stm32f2xx_hal_pwr_ex.o(i.HAL_PWREx_EnableBkUpReg), (76 bytes).
    Removing stm32f2xx_hal_pwr_ex.o(i.HAL_PWREx_EnableFlashPowerDown), (24 bytes).
    Removing stm32f2xx_hal_gpio.o(.rev16_text), (4 bytes).
    Removing stm32f2xx_hal_gpio.o(.revsh_text), (4 bytes).
    Removing stm32f2xx_hal_gpio.o(.rrx_text), (6 bytes).
    Removing stm32f2xx_hal_gpio.o(i.HAL_GPIO_DeInit), (352 bytes).
    Removing stm32f2xx_hal_gpio.o(i.HAL_GPIO_EXTI_Callback), (2 bytes).
    Removing stm32f2xx_hal_gpio.o(i.HAL_GPIO_EXTI_IRQHandler), (24 bytes).
    Removing stm32f2xx_hal_gpio.o(i.HAL_GPIO_LockPin), (34 bytes).
    Removing stm32f2xx_hal_gpio.o(i.HAL_GPIO_ReadPin), (10 bytes).
    Removing stm32f2xx_hal_dma.o(.rev16_text), (4 bytes).
    Removing stm32f2xx_hal_dma.o(.revsh_text), (4 bytes).
    Removing stm32f2xx_hal_dma.o(.rrx_text), (6 bytes).
    Removing stm32f2xx_hal_dma.o(i.DMA_CalcBaseAndBitshift), (40 bytes).
    Removing stm32f2xx_hal_dma.o(i.DMA_CheckFifoParam), (84 bytes).
    Removing stm32f2xx_hal_dma.o(i.DMA_SetConfig), (40 bytes).
    Removing stm32f2xx_hal_dma.o(i.HAL_DMA_Abort), (142 bytes).
    Removing stm32f2xx_hal_dma.o(i.HAL_DMA_Abort_IT), (36 bytes).
    Removing stm32f2xx_hal_dma.o(i.HAL_DMA_DeInit), (86 bytes).
    Removing stm32f2xx_hal_dma.o(i.HAL_DMA_GetError), (4 bytes).
    Removing stm32f2xx_hal_dma.o(i.HAL_DMA_GetState), (6 bytes).
    Removing stm32f2xx_hal_dma.o(i.HAL_DMA_IRQHandler), (416 bytes).
    Removing stm32f2xx_hal_dma.o(i.HAL_DMA_Init), (212 bytes).
    Removing stm32f2xx_hal_dma.o(i.HAL_DMA_PollForTransfer), (292 bytes).
    Removing stm32f2xx_hal_dma.o(i.HAL_DMA_RegisterCallback), (80 bytes).
    Removing stm32f2xx_hal_dma.o(i.HAL_DMA_Start), (70 bytes).
    Removing stm32f2xx_hal_dma.o(i.HAL_DMA_Start_IT), (120 bytes).
    Removing stm32f2xx_hal_dma.o(i.HAL_DMA_UnRegisterCallback), (96 bytes).
    Removing stm32f2xx_hal_dma.o(.constdata), (8 bytes).
    Removing stm32f2xx_hal_dma_ex.o(.rev16_text), (4 bytes).
    Removing stm32f2xx_hal_dma_ex.o(.revsh_text), (4 bytes).
    Removing stm32f2xx_hal_dma_ex.o(.rrx_text), (6 bytes).
    Removing stm32f2xx_hal_dma_ex.o(i.DMA_MultiBufferSetConfig), (30 bytes).
    Removing stm32f2xx_hal_dma_ex.o(i.HAL_DMAEx_ChangeMemory), (14 bytes).
    Removing stm32f2xx_hal_dma_ex.o(i.HAL_DMAEx_MultiBufferStart), (100 bytes).
    Removing stm32f2xx_hal_dma_ex.o(i.HAL_DMAEx_MultiBufferStart_IT), (2432 bytes).
    Removing system_stm32f2xx.o(.rev16_text), (4 bytes).
    Removing system_stm32f2xx.o(.revsh_text), (4 bytes).
    Removing system_stm32f2xx.o(.rrx_text), (6 bytes).
    Removing system_stm32f2xx.o(i.SystemCoreClockUpdate), (120 bytes).
    Removing system_stm32f2xx.o(.constdata), (8 bytes).

177 unused section(s) (total 10084 bytes) removed from the image.

==============================================================================

Image Symbol Table

    Local Symbols

    Symbol Name                              Value     Ov Type        Size  Object(Section)

    ../Drivers/STM32F2xx_HAL_Driver/Src/stm32f2xx_hal.c 0x00000000   Number         0  stm32f2xx_hal.o ABSOLUTE
    ../Drivers/STM32F2xx_HAL_Driver/Src/stm32f2xx_hal_can.c 0x00000000   Number         0  stm32f2xx_hal_can.o ABSOLUTE
    ../Drivers/STM32F2xx_HAL_Driver/Src/stm32f2xx_hal_cortex.c 0x00000000   Number         0  stm32f2xx_hal_cortex.o ABSOLUTE
    ../Drivers/STM32F2xx_HAL_Driver/Src/stm32f2xx_hal_crc.c 0x00000000   Number         0  stm32f2xx_hal_crc.o ABSOLUTE
    ../Drivers/STM32F2xx_HAL_Driver/Src/stm32f2xx_hal_dma.c 0x00000000   Number         0  stm32f2xx_hal_dma.o ABSOLUTE
    ../Drivers/STM32F2xx_HAL_Driver/Src/stm32f2xx_hal_dma_ex.c 0x00000000   Number         0  stm32f2xx_hal_dma_ex.o ABSOLUTE
    ../Drivers/STM32F2xx_HAL_Driver/Src/stm32f2xx_hal_flash.c 0x00000000   Number         0  stm32f2xx_hal_flash.o ABSOLUTE
    ../Drivers/STM32F2xx_HAL_Driver/Src/stm32f2xx_hal_flash_ex.c 0x00000000   Number         0  stm32f2xx_hal_flash_ex.o ABSOLUTE
    ../Drivers/STM32F2xx_HAL_Driver/Src/stm32f2xx_hal_gpio.c 0x00000000   Number         0  stm32f2xx_hal_gpio.o ABSOLUTE
    ../Drivers/STM32F2xx_HAL_Driver/Src/stm32f2xx_hal_pwr.c 0x00000000   Number         0  stm32f2xx_hal_pwr.o ABSOLUTE
    ../Drivers/STM32F2xx_HAL_Driver/Src/stm32f2xx_hal_pwr_ex.c 0x00000000   Number         0  stm32f2xx_hal_pwr_ex.o ABSOLUTE
    ../Drivers/STM32F2xx_HAL_Driver/Src/stm32f2xx_hal_rcc.c 0x00000000   Number         0  stm32f2xx_hal_rcc.o ABSOLUTE
    ../Drivers/STM32F2xx_HAL_Driver/Src/stm32f2xx_hal_rcc_ex.c 0x00000000   Number         0  stm32f2xx_hal_rcc_ex.o ABSOLUTE
    ../Drivers/STM32F2xx_HAL_Driver/Src/stm32f2xx_hal_tim.c 0x00000000   Number         0  stm32f2xx_hal_tim.o ABSOLUTE
    ../Drivers/STM32F2xx_HAL_Driver/Src/stm32f2xx_hal_tim_ex.c 0x00000000   Number         0  stm32f2xx_hal_tim_ex.o ABSOLUTE
    ../Src/can.c                             0x00000000   Number         0  can.o ABSOLUTE
    ../Src/crc.c                             0x00000000   Number         0  crc.o ABSOLUTE
    ../Src/gpio.c                            0x00000000   Number         0  gpio.o ABSOLUTE
    ../Src/main.c                            0x00000000   Number         0  main.o ABSOLUTE
    ../Src/stm32f2xx_hal_msp.c               0x00000000   Number         0  stm32f2xx_hal_msp.o ABSOLUTE
    ../Src/stm32f2xx_it.c                    0x00000000   Number         0  stm32f2xx_it.o ABSOLUTE
    ../Src/system_stm32f2xx.c                0x00000000   Number         0  system_stm32f2xx.o ABSOLUTE
    ../clib/microlib/division.c              0x00000000   Number         0  uldiv.o ABSOLUTE
    ../clib/microlib/init/entry.s            0x00000000   Number         0  entry2.o ABSOLUTE
    ../clib/microlib/init/entry.s            0x00000000   Number         0  entry.o ABSOLUTE
    ../clib/microlib/init/entry.s            0x00000000   Number         0  entry11b.o ABSOLUTE
    ../clib/microlib/init/entry.s            0x00000000   Number         0  entry11a.o ABSOLUTE
    ../clib/microlib/init/entry.s            0x00000000   Number         0  entry10b.o ABSOLUTE
    ../clib/microlib/init/entry.s            0x00000000   Number         0  entry7b.o ABSOLUTE
    ../clib/microlib/init/entry.s            0x00000000   Number         0  entry10a.o ABSOLUTE
    ../clib/microlib/init/entry.s            0x00000000   Number         0  entry9b.o ABSOLUTE
    ../clib/microlib/init/entry.s            0x00000000   Number         0  entry9a.o ABSOLUTE
    ../clib/microlib/init/entry.s            0x00000000   Number         0  entry8b.o ABSOLUTE
    ../clib/microlib/init/entry.s            0x00000000   Number         0  entry8a.o ABSOLUTE
    ../clib/microlib/init/entry.s            0x00000000   Number         0  entry7a.o ABSOLUTE
    ../clib/microlib/init/entry.s            0x00000000   Number         0  entry5.o ABSOLUTE
    ../clib/microlib/longlong.c              0x00000000   Number         0  llushr.o ABSOLUTE
    ../clib/microlib/longlong.c              0x00000000   Number         0  llshl.o ABSOLUTE
    ../clib/microlib/string/memcpy.c         0x00000000   Number         0  memcpya.o ABSOLUTE
    ../clib/microlib/string/memcpy.c         0x00000000   Number         0  memcpyb.o ABSOLUTE
    ../clib/microlib/string/memset.c         0x00000000   Number         0  memseta.o ABSOLUTE
    ..\Drivers\STM32F2xx_HAL_Driver\Src\stm32f2xx_hal.c 0x00000000   Number         0  stm32f2xx_hal.o ABSOLUTE
    ..\Drivers\STM32F2xx_HAL_Driver\Src\stm32f2xx_hal_can.c 0x00000000   Number         0  stm32f2xx_hal_can.o ABSOLUTE
    ..\Drivers\STM32F2xx_HAL_Driver\Src\stm32f2xx_hal_cortex.c 0x00000000   Number         0  stm32f2xx_hal_cortex.o ABSOLUTE
    ..\Drivers\STM32F2xx_HAL_Driver\Src\stm32f2xx_hal_crc.c 0x00000000   Number         0  stm32f2xx_hal_crc.o ABSOLUTE
    ..\Drivers\STM32F2xx_HAL_Driver\Src\stm32f2xx_hal_dma.c 0x00000000   Number         0  stm32f2xx_hal_dma.o ABSOLUTE
    ..\Drivers\STM32F2xx_HAL_Driver\Src\stm32f2xx_hal_dma_ex.c 0x00000000   Number         0  stm32f2xx_hal_dma_ex.o ABSOLUTE
    ..\Drivers\STM32F2xx_HAL_Driver\Src\stm32f2xx_hal_flash.c 0x00000000   Number         0  stm32f2xx_hal_flash.o ABSOLUTE
    ..\Drivers\STM32F2xx_HAL_Driver\Src\stm32f2xx_hal_flash_ex.c 0x00000000   Number         0  stm32f2xx_hal_flash_ex.o ABSOLUTE
    ..\Drivers\STM32F2xx_HAL_Driver\Src\stm32f2xx_hal_gpio.c 0x00000000   Number         0  stm32f2xx_hal_gpio.o ABSOLUTE
    ..\Drivers\STM32F2xx_HAL_Driver\Src\stm32f2xx_hal_pwr.c 0x00000000   Number         0  stm32f2xx_hal_pwr.o ABSOLUTE
    ..\Drivers\STM32F2xx_HAL_Driver\Src\stm32f2xx_hal_pwr_ex.c 0x00000000   Number         0  stm32f2xx_hal_pwr_ex.o ABSOLUTE
    ..\Drivers\STM32F2xx_HAL_Driver\Src\stm32f2xx_hal_rcc.c 0x00000000   Number         0  stm32f2xx_hal_rcc.o ABSOLUTE
    ..\Drivers\STM32F2xx_HAL_Driver\Src\stm32f2xx_hal_rcc_ex.c 0x00000000   Number         0  stm32f2xx_hal_rcc_ex.o ABSOLUTE
    ..\Drivers\STM32F2xx_HAL_Driver\Src\stm32f2xx_hal_tim.c 0x00000000   Number         0  stm32f2xx_hal_tim.o ABSOLUTE
    ..\Drivers\STM32F2xx_HAL_Driver\Src\stm32f2xx_hal_tim_ex.c 0x00000000   Number         0  stm32f2xx_hal_tim_ex.o ABSOLUTE
    ..\Src\can.c                             0x00000000   Number         0  can.o ABSOLUTE
    ..\Src\crc.c                             0x00000000   Number         0  crc.o ABSOLUTE
    ..\Src\gpio.c                            0x00000000   Number         0  gpio.o ABSOLUTE
    ..\Src\main.c                            0x00000000   Number         0  main.o ABSOLUTE
    ..\Src\stm32f2xx_hal_msp.c               0x00000000   Number         0  stm32f2xx_hal_msp.o ABSOLUTE
    ..\Src\stm32f2xx_it.c                    0x00000000   Number         0  stm32f2xx_it.o ABSOLUTE
    ..\Src\system_stm32f2xx.c                0x00000000   Number         0  system_stm32f2xx.o ABSOLUTE
    dc.s                                     0x00000000   Number         0  dc.o ABSOLUTE
    handlers.s                               0x00000000   Number         0  handlers.o ABSOLUTE
    init.s                                   0x00000000   Number         0  init.o ABSOLUTE
    startup_stm32f205xx.s                    0x00000000   Number         0  startup_stm32f205xx.o ABSOLUTE
    RESET                                    0x08000000   Section      388  startup_stm32f205xx.o(RESET)
    .ARM.Collect$$$$00000000                 0x08000184   Section        0  entry.o(.ARM.Collect$$$$00000000)
    .ARM.Collect$$$$00000001                 0x08000184   Section        4  entry2.o(.ARM.Collect$$$$00000001)
    .ARM.Collect$$$$00000004                 0x08000188   Section        4  entry5.o(.ARM.Collect$$$$00000004)
    .ARM.Collect$$$$00000008                 0x0800018c   Section        0  entry7b.o(.ARM.Collect$$$$00000008)
    .ARM.Collect$$$$0000000A                 0x0800018c   Section        0  entry8b.o(.ARM.Collect$$$$0000000A)
    .ARM.Collect$$$$0000000B                 0x0800018c   Section        8  entry9a.o(.ARM.Collect$$$$0000000B)
    .ARM.Collect$$$$0000000D                 0x08000194   Section        0  entry10a.o(.ARM.Collect$$$$0000000D)
    .ARM.Collect$$$$0000000F                 0x08000194   Section        0  entry11a.o(.ARM.Collect$$$$0000000F)
    .ARM.Collect$$$$00002712                 0x08000194   Section        4  entry2.o(.ARM.Collect$$$$00002712)
    __lit__00000000                          0x08000194   Data           4  entry2.o(.ARM.Collect$$$$00002712)
    .text                                    0x08000198   Section       36  startup_stm32f205xx.o(.text)
    .text                                    0x080001bc   Section        0  uldiv.o(.text)
    .text                                    0x0800021e   Section        0  memcpya.o(.text)
    .text                                    0x08000242   Section        0  memseta.o(.text)
    .text                                    0x08000266   Section        0  llshl.o(.text)
    .text                                    0x08000284   Section        0  llushr.o(.text)
    .text                                    0x080002a4   Section       36  init.o(.text)
    i.BusFault_Handler                       0x080002c8   Section        0  stm32f2xx_it.o(i.BusFault_Handler)
    i.CAN1_RX0_IRQHandler                    0x080002cc   Section        0  stm32f2xx_it.o(i.CAN1_RX0_IRQHandler)
    i.CAN1_RX1_IRQHandler                    0x080002d8   Section        0  stm32f2xx_it.o(i.CAN1_RX1_IRQHandler)
    i.CAN1_SCE_IRQHandler                    0x080002e4   Section        0  stm32f2xx_it.o(i.CAN1_SCE_IRQHandler)
    i.CAN1_TX_IRQHandler                     0x080002f0   Section        0  stm32f2xx_it.o(i.CAN1_TX_IRQHandler)
    i.CAN_Receive_IT                         0x080002fc   Section        0  stm32f2xx_hal_can.o(i.CAN_Receive_IT)
    CAN_Receive_IT                           0x080002fd   Thumb Code   294  stm32f2xx_hal_can.o(i.CAN_Receive_IT)
    i.DebugMon_Handler                       0x08000422   Section        0  stm32f2xx_it.o(i.DebugMon_Handler)
    i.Error_Handler                          0x08000424   Section        0  main.o(i.Error_Handler)
    i.FLASH_Erase_Sector                     0x08000428   Section        0  stm32f2xx_hal_flash_ex.o(i.FLASH_Erase_Sector)
    i.FLASH_FlushCaches                      0x08000480   Section        0  stm32f2xx_hal_flash_ex.o(i.FLASH_FlushCaches)
    i.FLASH_IRQHandler                       0x080004d4   Section        0  stm32f2xx_it.o(i.FLASH_IRQHandler)
    i.FLASH_MassErase                        0x080004d8   Section        0  stm32f2xx_hal_flash_ex.o(i.FLASH_MassErase)
    FLASH_MassErase                          0x080004d9   Thumb Code    34  stm32f2xx_hal_flash_ex.o(i.FLASH_MassErase)
    i.FLASH_Program_Byte                     0x08000500   Section        0  stm32f2xx_hal_flash.o(i.FLASH_Program_Byte)
    FLASH_Program_Byte                       0x08000501   Thumb Code    26  stm32f2xx_hal_flash.o(i.FLASH_Program_Byte)
    i.FLASH_Program_DoubleWord               0x08000520   Section        0  stm32f2xx_hal_flash.o(i.FLASH_Program_DoubleWord)
    FLASH_Program_DoubleWord                 0x08000521   Thumb Code    34  stm32f2xx_hal_flash.o(i.FLASH_Program_DoubleWord)
    i.FLASH_Program_HalfWord                 0x08000548   Section        0  stm32f2xx_hal_flash.o(i.FLASH_Program_HalfWord)
    FLASH_Program_HalfWord                   0x08000549   Thumb Code    30  stm32f2xx_hal_flash.o(i.FLASH_Program_HalfWord)
    i.FLASH_Program_Word                     0x0800056c   Section        0  stm32f2xx_hal_flash.o(i.FLASH_Program_Word)
    FLASH_Program_Word                       0x0800056d   Thumb Code    30  stm32f2xx_hal_flash.o(i.FLASH_Program_Word)
    i.FLASH_SetErrorCode                     0x08000590   Section        0  stm32f2xx_hal_flash.o(i.FLASH_SetErrorCode)
    FLASH_SetErrorCode                       0x08000591   Thumb Code    96  stm32f2xx_hal_flash.o(i.FLASH_SetErrorCode)
    i.FLASH_WaitForLastOperation             0x080005f8   Section        0  stm32f2xx_hal_flash.o(i.FLASH_WaitForLastOperation)
    i.HAL_CAN_ConfigFilter                   0x08000648   Section        0  stm32f2xx_hal_can.o(i.HAL_CAN_ConfigFilter)
    i.HAL_CAN_ErrorCallback                  0x0800072c   Section        0  stm32f2xx_hal_can.o(i.HAL_CAN_ErrorCallback)
    i.HAL_CAN_IRQHandler                     0x08000730   Section        0  stm32f2xx_hal_can.o(i.HAL_CAN_IRQHandler)
    i.HAL_CAN_Init                           0x08000964   Section        0  stm32f2xx_hal_can.o(i.HAL_CAN_Init)
    i.HAL_CAN_MspInit                        0x08000aac   Section        0  can.o(i.HAL_CAN_MspInit)
    i.HAL_CAN_Receive_IT                     0x08000b58   Section        0  stm32f2xx_hal_can.o(i.HAL_CAN_Receive_IT)
    i.HAL_CAN_RxCpltCallback                 0x08000c0c   Section        0  main.o(i.HAL_CAN_RxCpltCallback)
    i.HAL_CAN_Transmit                       0x08000d8c   Section        0  stm32f2xx_hal_can.o(i.HAL_CAN_Transmit)
    i.HAL_CAN_TxCpltCallback                 0x08000f58   Section        0  stm32f2xx_hal_can.o(i.HAL_CAN_TxCpltCallback)
    i.HAL_CRC_Calculate                      0x08000f5c   Section        0  stm32f2xx_hal_crc.o(i.HAL_CRC_Calculate)
    i.HAL_CRC_Init                           0x08000f9a   Section        0  stm32f2xx_hal_crc.o(i.HAL_CRC_Init)
    i.HAL_CRC_MspInit                        0x08000fc0   Section        0  crc.o(i.HAL_CRC_MspInit)
    i.HAL_DeInit                             0x08000fe8   Section        0  stm32f2xx_hal.o(i.HAL_DeInit)
    i.HAL_Delay                              0x0800101c   Section        0  stm32f2xx_hal.o(i.HAL_Delay)
    i.HAL_FLASHEx_Erase                      0x08001038   Section        0  stm32f2xx_hal_flash_ex.o(i.HAL_FLASHEx_Erase)
    i.HAL_FLASH_EndOfOperationCallback       0x080010d0   Section        0  stm32f2xx_hal_flash.o(i.HAL_FLASH_EndOfOperationCallback)
    i.HAL_FLASH_IRQHandler                   0x080010d4   Section        0  stm32f2xx_hal_flash.o(i.HAL_FLASH_IRQHandler)
    i.HAL_FLASH_Lock                         0x080011a0   Section        0  stm32f2xx_hal_flash.o(i.HAL_FLASH_Lock)
    i.HAL_FLASH_OperationErrorCallback       0x080011b4   Section        0  stm32f2xx_hal_flash.o(i.HAL_FLASH_OperationErrorCallback)
    i.HAL_FLASH_Program                      0x080011b8   Section        0  stm32f2xx_hal_flash.o(i.HAL_FLASH_Program)
    i.HAL_FLASH_Unlock                       0x08001234   Section        0  stm32f2xx_hal_flash.o(i.HAL_FLASH_Unlock)
    i.HAL_GPIO_Init                          0x0800125c   Section        0  stm32f2xx_hal_gpio.o(i.HAL_GPIO_Init)
    i.HAL_GPIO_TogglePin                     0x0800141c   Section        0  stm32f2xx_hal_gpio.o(i.HAL_GPIO_TogglePin)
    i.HAL_GPIO_WritePin                      0x08001424   Section        0  stm32f2xx_hal_gpio.o(i.HAL_GPIO_WritePin)
    i.HAL_GetTick                            0x08001430   Section        0  stm32f2xx_hal.o(i.HAL_GetTick)
    i.HAL_IncTick                            0x0800143c   Section        0  stm32f2xx_hal.o(i.HAL_IncTick)
    i.HAL_Init                               0x0800144c   Section        0  stm32f2xx_hal.o(i.HAL_Init)
    i.HAL_InitTick                           0x08001480   Section        0  stm32f2xx_hal.o(i.HAL_InitTick)
    i.HAL_MspDeInit                          0x080014a8   Section        0  stm32f2xx_hal.o(i.HAL_MspDeInit)
    i.HAL_MspInit                            0x080014ac   Section        0  stm32f2xx_hal_msp.o(i.HAL_MspInit)
    i.HAL_NVIC_DisableIRQ                    0x0800150c   Section        0  stm32f2xx_hal_cortex.o(i.HAL_NVIC_DisableIRQ)
    i.HAL_NVIC_EnableIRQ                     0x08001522   Section        0  stm32f2xx_hal_cortex.o(i.HAL_NVIC_EnableIRQ)
    i.HAL_NVIC_SetPriority                   0x08001538   Section        0  stm32f2xx_hal_cortex.o(i.HAL_NVIC_SetPriority)
    i.HAL_NVIC_SetPriorityGrouping           0x08001578   Section        0  stm32f2xx_hal_cortex.o(i.HAL_NVIC_SetPriorityGrouping)
    i.HAL_PWR_PVDCallback                    0x0800159c   Section        0  stm32f2xx_hal_pwr.o(i.HAL_PWR_PVDCallback)
    i.HAL_PWR_PVD_IRQHandler                 0x080015a0   Section        0  stm32f2xx_hal_pwr.o(i.HAL_PWR_PVD_IRQHandler)
    i.HAL_RCC_ClockConfig                    0x080015bc   Section        0  stm32f2xx_hal_rcc.o(i.HAL_RCC_ClockConfig)
    i.HAL_RCC_GetSysClockFreq                0x080016f4   Section        0  stm32f2xx_hal_rcc.o(i.HAL_RCC_GetSysClockFreq)
    i.HAL_RCC_OscConfig                      0x08001754   Section        0  stm32f2xx_hal_rcc.o(i.HAL_RCC_OscConfig)
    i.HAL_SYSTICK_Callback                   0x08001a38   Section        0  stm32f2xx_hal_cortex.o(i.HAL_SYSTICK_Callback)
    i.HAL_SYSTICK_Config                     0x08001a3a   Section        0  stm32f2xx_hal_cortex.o(i.HAL_SYSTICK_Config)
    i.HAL_SYSTICK_IRQHandler                 0x08001a62   Section        0  stm32f2xx_hal_cortex.o(i.HAL_SYSTICK_IRQHandler)
    i.HardFault_Handler                      0x08001a6a   Section        0  stm32f2xx_it.o(i.HardFault_Handler)
    i.JumpToApplication                      0x08001a6c   Section        0  main.o(i.JumpToApplication)
    i.MX_CAN1_Init                           0x08001a88   Section        0  can.o(i.MX_CAN1_Init)
    i.MX_CRC_Init                            0x08001acc   Section        0  crc.o(i.MX_CRC_Init)
    i.MX_GPIO_Init                           0x08001af0   Section        0  gpio.o(i.MX_GPIO_Init)
    i.MemManage_Handler                      0x08001b5c   Section        0  stm32f2xx_it.o(i.MemManage_Handler)
    i.NMI_Handler                            0x08001b5e   Section        0  stm32f2xx_it.o(i.NMI_Handler)
    i.NVIC_SetPriority                       0x08001b60   Section        0  stm32f2xx_hal_cortex.o(i.NVIC_SetPriority)
    NVIC_SetPriority                         0x08001b61   Thumb Code    32  stm32f2xx_hal_cortex.o(i.NVIC_SetPriority)
    i.PVD_IRQHandler                         0x08001b80   Section        0  stm32f2xx_it.o(i.PVD_IRQHandler)
    i.PendSV_Handler                         0x08001b84   Section        0  stm32f2xx_it.o(i.PendSV_Handler)
    i.RCC_IRQHandler                         0x08001b86   Section        0  stm32f2xx_it.o(i.RCC_IRQHandler)
    i.SVC_Handler                            0x08001b88   Section        0  stm32f2xx_it.o(i.SVC_Handler)
    i.SysTick_Handler                        0x08001b8a   Section        0  stm32f2xx_it.o(i.SysTick_Handler)
    i.SystemClock_Config                     0x08001b98   Section        0  main.o(i.SystemClock_Config)
    i.SystemInit                             0x08001bf0   Section        0  system_stm32f2xx.o(i.SystemInit)
    i.TransmitResponsePacket                 0x08001c38   Section        0  main.o(i.TransmitResponsePacket)
    i.UsageFault_Handler                     0x08001c58   Section        0  stm32f2xx_it.o(i.UsageFault_Handler)
    i.__scatterload_copy                     0x08001c5a   Section       14  handlers.o(i.__scatterload_copy)
    i.__scatterload_null                     0x08001c68   Section        2  handlers.o(i.__scatterload_null)
    i.__scatterload_zeroinit                 0x08001c6a   Section       14  handlers.o(i.__scatterload_zeroinit)
    i.main                                   0x08001c78   Section        0  main.o(i.main)
    .constdata                               0x08001d10   Section       16  system_stm32f2xx.o(.constdata)
    .data                                    0x20000000   Section       12  main.o(.data)
    .data                                    0x2000000c   Section        8  crc.o(.data)
    .data                                    0x20000014   Section        4  stm32f2xx_hal.o(.data)
    .data                                    0x20000018   Section        4  system_stm32f2xx.o(.data)
    .bss                                     0x2000001c   Section     1108  main.o(.bss)
    canTxMessage                             0x2000001c   Data          28  main.o(.bss)
    canRxMessage                             0x20000038   Data          36  main.o(.bss)
    eraseInitStruct                          0x2000005c   Data          20  main.o(.bss)
    .bss                                     0x20000470   Section       68  can.o(.bss)
    .bss                                     0x200004b4   Section       32  stm32f2xx_hal_flash.o(.bss)
    STACK                                    0x200004d8   Section     1024  startup_stm32f205xx.o(STACK)

    Global Symbols

    Symbol Name                              Value     Ov Type        Size  Object(Section)

    BuildAttributes$$THM_ISAv4$P$D$K$B$S$PE$A:L22UL41UL21$X:L11$S22US41US21$IEEE1$IW$USESV6$~STKCKD$USESV7$~SHL$OSPACE$EBA8$MICROLIB$REQ8$PRES8$EABIv2 0x00000000   Number         0  anon$$obj.o ABSOLUTE
    __ARM_use_no_argv                        0x00000000   Number         0  main.o ABSOLUTE
    __cpp_initialize__aeabi_                  - Undefined Weak Reference
    __cxa_finalize                            - Undefined Weak Reference
    __decompress                              - Undefined Weak Reference
    _clock_init                               - Undefined Weak Reference
    _microlib_exit                            - Undefined Weak Reference
    __Vectors_Size                           0x00000184   Number         0  startup_stm32f205xx.o ABSOLUTE
    __Vectors                                0x08000000   Data           4  startup_stm32f205xx.o(RESET)
    __Vectors_End                            0x08000184   Data           0  startup_stm32f205xx.o(RESET)
    __main                                   0x08000185   Thumb Code     0  entry.o(.ARM.Collect$$$$00000000)
    _main_stk                                0x08000185   Thumb Code     0  entry2.o(.ARM.Collect$$$$00000001)
    _main_scatterload                        0x08000189   Thumb Code     0  entry5.o(.ARM.Collect$$$$00000004)
    __main_after_scatterload                 0x0800018d   Thumb Code     0  entry5.o(.ARM.Collect$$$$00000004)
    _main_clock                              0x0800018d   Thumb Code     0  entry7b.o(.ARM.Collect$$$$00000008)
    _main_cpp_init                           0x0800018d   Thumb Code     0  entry8b.o(.ARM.Collect$$$$0000000A)
    _main_init                               0x0800018d   Thumb Code     0  entry9a.o(.ARM.Collect$$$$0000000B)
    __rt_final_cpp                           0x08000195   Thumb Code     0  entry10a.o(.ARM.Collect$$$$0000000D)
    __rt_final_exit                          0x08000195   Thumb Code     0  entry11a.o(.ARM.Collect$$$$0000000F)
    Reset_Handler                            0x08000199   Thumb Code     8  startup_stm32f205xx.o(.text)
    ADC_IRQHandler                           0x080001b3   Thumb Code     0  startup_stm32f205xx.o(.text)
    CAN2_RX0_IRQHandler                      0x080001b3   Thumb Code     0  startup_stm32f205xx.o(.text)
    CAN2_RX1_IRQHandler                      0x080001b3   Thumb Code     0  startup_stm32f205xx.o(.text)
    CAN2_SCE_IRQHandler                      0x080001b3   Thumb Code     0  startup_stm32f205xx.o(.text)
    CAN2_TX_IRQHandler                       0x080001b3   Thumb Code     0  startup_stm32f205xx.o(.text)
    DMA1_Stream0_IRQHandler                  0x080001b3   Thumb Code     0  startup_stm32f205xx.o(.text)
    DMA1_Stream1_IRQHandler                  0x080001b3   Thumb Code     0  startup_stm32f205xx.o(.text)
    DMA1_Stream2_IRQHandler                  0x080001b3   Thumb Code     0  startup_stm32f205xx.o(.text)
    DMA1_Stream3_IRQHandler                  0x080001b3   Thumb Code     0  startup_stm32f205xx.o(.text)
    DMA1_Stream4_IRQHandler                  0x080001b3   Thumb Code     0  startup_stm32f205xx.o(.text)
    DMA1_Stream5_IRQHandler                  0x080001b3   Thumb Code     0  startup_stm32f205xx.o(.text)
    DMA1_Stream6_IRQHandler                  0x080001b3   Thumb Code     0  startup_stm32f205xx.o(.text)
    DMA1_Stream7_IRQHandler                  0x080001b3   Thumb Code     0  startup_stm32f205xx.o(.text)
    DMA2_Stream0_IRQHandler                  0x080001b3   Thumb Code     0  startup_stm32f205xx.o(.text)
    DMA2_Stream1_IRQHandler                  0x080001b3   Thumb Code     0  startup_stm32f205xx.o(.text)
    DMA2_Stream2_IRQHandler                  0x080001b3   Thumb Code     0  startup_stm32f205xx.o(.text)
    DMA2_Stream3_IRQHandler                  0x080001b3   Thumb Code     0  startup_stm32f205xx.o(.text)
    DMA2_Stream4_IRQHandler                  0x080001b3   Thumb Code     0  startup_stm32f205xx.o(.text)
    DMA2_Stream5_IRQHandler                  0x080001b3   Thumb Code     0  startup_stm32f205xx.o(.text)
    DMA2_Stream6_IRQHandler                  0x080001b3   Thumb Code     0  startup_stm32f205xx.o(.text)
    DMA2_Stream7_IRQHandler                  0x080001b3   Thumb Code     0  startup_stm32f205xx.o(.text)
    EXTI0_IRQHandler                         0x080001b3   Thumb Code     0  startup_stm32f205xx.o(.text)
    EXTI15_10_IRQHandler                     0x080001b3   Thumb Code     0  startup_stm32f205xx.o(.text)
    EXTI1_IRQHandler                         0x080001b3   Thumb Code     0  startup_stm32f205xx.o(.text)
    EXTI2_IRQHandler                         0x080001b3   Thumb Code     0  startup_stm32f205xx.o(.text)
    EXTI3_IRQHandler                         0x080001b3   Thumb Code     0  startup_stm32f205xx.o(.text)
    EXTI4_IRQHandler                         0x080001b3   Thumb Code     0  startup_stm32f205xx.o(.text)
    EXTI9_5_IRQHandler                       0x080001b3   Thumb Code     0  startup_stm32f205xx.o(.text)
    FSMC_IRQHandler                          0x080001b3   Thumb Code     0  startup_stm32f205xx.o(.text)
    HASH_RNG_IRQHandler                      0x080001b3   Thumb Code     0  startup_stm32f205xx.o(.text)
    I2C1_ER_IRQHandler                       0x080001b3   Thumb Code     0  startup_stm32f205xx.o(.text)
    I2C1_EV_IRQHandler                       0x080001b3   Thumb Code     0  startup_stm32f205xx.o(.text)
    I2C2_ER_IRQHandler                       0x080001b3   Thumb Code     0  startup_stm32f205xx.o(.text)
    I2C2_EV_IRQHandler                       0x080001b3   Thumb Code     0  startup_stm32f205xx.o(.text)
    I2C3_ER_IRQHandler                       0x080001b3   Thumb Code     0  startup_stm32f205xx.o(.text)
    I2C3_EV_IRQHandler                       0x080001b3   Thumb Code     0  startup_stm32f205xx.o(.text)
    OTG_FS_IRQHandler                        0x080001b3   Thumb Code     0  startup_stm32f205xx.o(.text)
    OTG_FS_WKUP_IRQHandler                   0x080001b3   Thumb Code     0  startup_stm32f205xx.o(.text)
    OTG_HS_EP1_IN_IRQHandler                 0x080001b3   Thumb Code     0  startup_stm32f205xx.o(.text)
    OTG_HS_EP1_OUT_IRQHandler                0x080001b3   Thumb Code     0  startup_stm32f205xx.o(.text)
    OTG_HS_IRQHandler                        0x080001b3   Thumb Code     0  startup_stm32f205xx.o(.text)
    OTG_HS_WKUP_IRQHandler                   0x080001b3   Thumb Code     0  startup_stm32f205xx.o(.text)
    RTC_Alarm_IRQHandler                     0x080001b3   Thumb Code     0  startup_stm32f205xx.o(.text)
    RTC_WKUP_IRQHandler                      0x080001b3   Thumb Code     0  startup_stm32f205xx.o(.text)
    SDIO_IRQHandler                          0x080001b3   Thumb Code     0  startup_stm32f205xx.o(.text)
    SPI1_IRQHandler                          0x080001b3   Thumb Code     0  startup_stm32f205xx.o(.text)
    SPI2_IRQHandler                          0x080001b3   Thumb Code     0  startup_stm32f205xx.o(.text)
    SPI3_IRQHandler                          0x080001b3   Thumb Code     0  startup_stm32f205xx.o(.text)
    TAMP_STAMP_IRQHandler                    0x080001b3   Thumb Code     0  startup_stm32f205xx.o(.text)
    TIM1_BRK_TIM9_IRQHandler                 0x080001b3   Thumb Code     0  startup_stm32f205xx.o(.text)
    TIM1_CC_IRQHandler                       0x080001b3   Thumb Code     0  startup_stm32f205xx.o(.text)
    TIM1_TRG_COM_TIM11_IRQHandler            0x080001b3   Thumb Code     0  startup_stm32f205xx.o(.text)
    TIM1_UP_TIM10_IRQHandler                 0x080001b3   Thumb Code     0  startup_stm32f205xx.o(.text)
    TIM2_IRQHandler                          0x080001b3   Thumb Code     0  startup_stm32f205xx.o(.text)
    TIM3_IRQHandler                          0x080001b3   Thumb Code     0  startup_stm32f205xx.o(.text)
    TIM4_IRQHandler                          0x080001b3   Thumb Code     0  startup_stm32f205xx.o(.text)
    TIM5_IRQHandler                          0x080001b3   Thumb Code     0  startup_stm32f205xx.o(.text)
    TIM6_DAC_IRQHandler                      0x080001b3   Thumb Code     0  startup_stm32f205xx.o(.text)
    TIM7_IRQHandler                          0x080001b3   Thumb Code     0  startup_stm32f205xx.o(.text)
    TIM8_BRK_TIM12_IRQHandler                0x080001b3   Thumb Code     0  startup_stm32f205xx.o(.text)
    TIM8_CC_IRQHandler                       0x080001b3   Thumb Code     0  startup_stm32f205xx.o(.text)
    TIM8_TRG_COM_TIM14_IRQHandler            0x080001b3   Thumb Code     0  startup_stm32f205xx.o(.text)
    TIM8_UP_TIM13_IRQHandler                 0x080001b3   Thumb Code     0  startup_stm32f205xx.o(.text)
    UART4_IRQHandler                         0x080001b3   Thumb Code     0  startup_stm32f205xx.o(.text)
    UART5_IRQHandler                         0x080001b3   Thumb Code     0  startup_stm32f205xx.o(.text)
    USART1_IRQHandler                        0x080001b3   Thumb Code     0  startup_stm32f205xx.o(.text)
    USART2_IRQHandler                        0x080001b3   Thumb Code     0  startup_stm32f205xx.o(.text)
    USART3_IRQHandler                        0x080001b3   Thumb Code     0  startup_stm32f205xx.o(.text)
    USART6_IRQHandler                        0x080001b3   Thumb Code     0  startup_stm32f205xx.o(.text)
    WWDG_IRQHandler                          0x080001b3   Thumb Code     0  startup_stm32f205xx.o(.text)
    __aeabi_uldivmod                         0x080001bd   Thumb Code    98  uldiv.o(.text)
    __aeabi_memcpy                           0x0800021f   Thumb Code    36  memcpya.o(.text)
    __aeabi_memcpy4                          0x0800021f   Thumb Code     0  memcpya.o(.text)
    __aeabi_memcpy8                          0x0800021f   Thumb Code     0  memcpya.o(.text)
    __aeabi_memset                           0x08000243   Thumb Code    14  memseta.o(.text)
    __aeabi_memset4                          0x08000243   Thumb Code     0  memseta.o(.text)
    __aeabi_memset8                          0x08000243   Thumb Code     0  memseta.o(.text)
    __aeabi_memclr                           0x08000251   Thumb Code     4  memseta.o(.text)
    __aeabi_memclr4                          0x08000251   Thumb Code     0  memseta.o(.text)
    __aeabi_memclr8                          0x08000251   Thumb Code     0  memseta.o(.text)
    _memset$wrapper                          0x08000255   Thumb Code    18  memseta.o(.text)
    __aeabi_llsl                             0x08000267   Thumb Code    30  llshl.o(.text)
    _ll_shift_l                              0x08000267   Thumb Code     0  llshl.o(.text)
    __aeabi_llsr                             0x08000285   Thumb Code    32  llushr.o(.text)
    _ll_ushift_r                             0x08000285   Thumb Code     0  llushr.o(.text)
    __scatterload                            0x080002a5   Thumb Code    28  init.o(.text)
    __scatterload_rt2                        0x080002a5   Thumb Code     0  init.o(.text)
    BusFault_Handler                         0x080002c9   Thumb Code     2  stm32f2xx_it.o(i.BusFault_Handler)
    CAN1_RX0_IRQHandler                      0x080002cd   Thumb Code     6  stm32f2xx_it.o(i.CAN1_RX0_IRQHandler)
    CAN1_RX1_IRQHandler                      0x080002d9   Thumb Code     6  stm32f2xx_it.o(i.CAN1_RX1_IRQHandler)
    CAN1_SCE_IRQHandler                      0x080002e5   Thumb Code     6  stm32f2xx_it.o(i.CAN1_SCE_IRQHandler)
    CAN1_TX_IRQHandler                       0x080002f1   Thumb Code     6  stm32f2xx_it.o(i.CAN1_TX_IRQHandler)
    DebugMon_Handler                         0x08000423   Thumb Code     2  stm32f2xx_it.o(i.DebugMon_Handler)
    Error_Handler                            0x08000425   Thumb Code     2  main.o(i.Error_Handler)
    FLASH_Erase_Sector                       0x08000429   Thumb Code    84  stm32f2xx_hal_flash_ex.o(i.FLASH_Erase_Sector)
    FLASH_FlushCaches                        0x08000481   Thumb Code    80  stm32f2xx_hal_flash_ex.o(i.FLASH_FlushCaches)
    FLASH_IRQHandler                         0x080004d5   Thumb Code     4  stm32f2xx_it.o(i.FLASH_IRQHandler)
    FLASH_WaitForLastOperation               0x080005f9   Thumb Code    72  stm32f2xx_hal_flash.o(i.FLASH_WaitForLastOperation)
    HAL_CAN_ConfigFilter                     0x08000649   Thumb Code   218  stm32f2xx_hal_can.o(i.HAL_CAN_ConfigFilter)
    HAL_CAN_ErrorCallback                    0x0800072d   Thumb Code     2  stm32f2xx_hal_can.o(i.HAL_CAN_ErrorCallback)
    HAL_CAN_IRQHandler                       0x08000731   Thumb Code   548  stm32f2xx_hal_can.o(i.HAL_CAN_IRQHandler)
    HAL_CAN_Init                             0x08000965   Thumb Code   328  stm32f2xx_hal_can.o(i.HAL_CAN_Init)
    HAL_CAN_MspInit                          0x08000aad   Thumb Code   158  can.o(i.HAL_CAN_MspInit)
    HAL_CAN_Receive_IT                       0x08000b59   Thumb Code   180  stm32f2xx_hal_can.o(i.HAL_CAN_Receive_IT)
    HAL_CAN_RxCpltCallback                   0x08000c0d   Thumb Code   364  main.o(i.HAL_CAN_RxCpltCallback)
    HAL_CAN_Transmit                         0x08000d8d   Thumb Code   446  stm32f2xx_hal_can.o(i.HAL_CAN_Transmit)
    HAL_CAN_TxCpltCallback                   0x08000f59   Thumb Code     2  stm32f2xx_hal_can.o(i.HAL_CAN_TxCpltCallback)
    HAL_CRC_Calculate                        0x08000f5d   Thumb Code    62  stm32f2xx_hal_crc.o(i.HAL_CRC_Calculate)
    HAL_CRC_Init                             0x08000f9b   Thumb Code    38  stm32f2xx_hal_crc.o(i.HAL_CRC_Init)
    HAL_CRC_MspInit                          0x08000fc1   Thumb Code    30  crc.o(i.HAL_CRC_MspInit)
    HAL_DeInit                               0x08000fe9   Thumb Code    48  stm32f2xx_hal.o(i.HAL_DeInit)
    HAL_Delay                                0x0800101d   Thumb Code    28  stm32f2xx_hal.o(i.HAL_Delay)
    HAL_FLASHEx_Erase                        0x08001039   Thumb Code   144  stm32f2xx_hal_flash_ex.o(i.HAL_FLASHEx_Erase)
    HAL_FLASH_EndOfOperationCallback         0x080010d1   Thumb Code     2  stm32f2xx_hal_flash.o(i.HAL_FLASH_EndOfOperationCallback)
    HAL_FLASH_IRQHandler                     0x080010d5   Thumb Code   194  stm32f2xx_hal_flash.o(i.HAL_FLASH_IRQHandler)
    HAL_FLASH_Lock                           0x080011a1   Thumb Code    14  stm32f2xx_hal_flash.o(i.HAL_FLASH_Lock)
    HAL_FLASH_OperationErrorCallback         0x080011b5   Thumb Code     2  stm32f2xx_hal_flash.o(i.HAL_FLASH_OperationErrorCallback)
    HAL_FLASH_Program                        0x080011b9   Thumb Code   116  stm32f2xx_hal_flash.o(i.HAL_FLASH_Program)
    HAL_FLASH_Unlock                         0x08001235   Thumb Code    28  stm32f2xx_hal_flash.o(i.HAL_FLASH_Unlock)
    HAL_GPIO_Init                            0x0800125d   Thumb Code   398  stm32f2xx_hal_gpio.o(i.HAL_GPIO_Init)
    HAL_GPIO_TogglePin                       0x0800141d   Thumb Code     8  stm32f2xx_hal_gpio.o(i.HAL_GPIO_TogglePin)
    HAL_GPIO_WritePin                        0x08001425   Thumb Code    10  stm32f2xx_hal_gpio.o(i.HAL_GPIO_WritePin)
    HAL_GetTick                              0x08001431   Thumb Code     6  stm32f2xx_hal.o(i.HAL_GetTick)
    HAL_IncTick                              0x0800143d   Thumb Code    10  stm32f2xx_hal.o(i.HAL_IncTick)
    HAL_Init                                 0x0800144d   Thumb Code    48  stm32f2xx_hal.o(i.HAL_Init)
    HAL_InitTick                             0x08001481   Thumb Code    34  stm32f2xx_hal.o(i.HAL_InitTick)
    HAL_MspDeInit                            0x080014a9   Thumb Code     2  stm32f2xx_hal.o(i.HAL_MspDeInit)
    HAL_MspInit                              0x080014ad   Thumb Code    92  stm32f2xx_hal_msp.o(i.HAL_MspInit)
    HAL_NVIC_DisableIRQ                      0x0800150d   Thumb Code    22  stm32f2xx_hal_cortex.o(i.HAL_NVIC_DisableIRQ)
    HAL_NVIC_EnableIRQ                       0x08001523   Thumb Code    22  stm32f2xx_hal_cortex.o(i.HAL_NVIC_EnableIRQ)
    HAL_NVIC_SetPriority                     0x08001539   Thumb Code    60  stm32f2xx_hal_cortex.o(i.HAL_NVIC_SetPriority)
    HAL_NVIC_SetPriorityGrouping             0x08001579   Thumb Code    26  stm32f2xx_hal_cortex.o(i.HAL_NVIC_SetPriorityGrouping)
    HAL_PWR_PVDCallback                      0x0800159d   Thumb Code     2  stm32f2xx_hal_pwr.o(i.HAL_PWR_PVDCallback)
    HAL_PWR_PVD_IRQHandler                   0x080015a1   Thumb Code    22  stm32f2xx_hal_pwr.o(i.HAL_PWR_PVD_IRQHandler)
    HAL_RCC_ClockConfig                      0x080015bd   Thumb Code   294  stm32f2xx_hal_rcc.o(i.HAL_RCC_ClockConfig)
    HAL_RCC_GetSysClockFreq                  0x080016f5   Thumb Code    88  stm32f2xx_hal_rcc.o(i.HAL_RCC_GetSysClockFreq)
    HAL_RCC_OscConfig                        0x08001755   Thumb Code   722  stm32f2xx_hal_rcc.o(i.HAL_RCC_OscConfig)
    HAL_SYSTICK_Callback                     0x08001a39   Thumb Code     2  stm32f2xx_hal_cortex.o(i.HAL_SYSTICK_Callback)
    HAL_SYSTICK_Config                       0x08001a3b   Thumb Code    40  stm32f2xx_hal_cortex.o(i.HAL_SYSTICK_Config)
    HAL_SYSTICK_IRQHandler                   0x08001a63   Thumb Code     8  stm32f2xx_hal_cortex.o(i.HAL_SYSTICK_IRQHandler)
    HardFault_Handler                        0x08001a6b   Thumb Code     2  stm32f2xx_it.o(i.HardFault_Handler)
    JumpToApplication                        0x08001a6d   Thumb Code    24  main.o(i.JumpToApplication)
    MX_CAN1_Init                             0x08001a89   Thumb Code    60  can.o(i.MX_CAN1_Init)
    MX_CRC_Init                              0x08001acd   Thumb Code    28  crc.o(i.MX_CRC_Init)
    MX_GPIO_Init                             0x08001af1   Thumb Code   100  gpio.o(i.MX_GPIO_Init)
    MemManage_Handler                        0x08001b5d   Thumb Code     2  stm32f2xx_it.o(i.MemManage_Handler)
    NMI_Handler                              0x08001b5f   Thumb Code     2  stm32f2xx_it.o(i.NMI_Handler)
    PVD_IRQHandler                           0x08001b81   Thumb Code     4  stm32f2xx_it.o(i.PVD_IRQHandler)
    PendSV_Handler                           0x08001b85   Thumb Code     2  stm32f2xx_it.o(i.PendSV_Handler)
    RCC_IRQHandler                           0x08001b87   Thumb Code     2  stm32f2xx_it.o(i.RCC_IRQHandler)
    SVC_Handler                              0x08001b89   Thumb Code     2  stm32f2xx_it.o(i.SVC_Handler)
    SysTick_Handler                          0x08001b8b   Thumb Code    14  stm32f2xx_it.o(i.SysTick_Handler)
    SystemClock_Config                       0x08001b99   Thumb Code    86  main.o(i.SystemClock_Config)
    SystemInit                               0x08001bf1   Thumb Code    54  system_stm32f2xx.o(i.SystemInit)
    TransmitResponsePacket                   0x08001c39   Thumb Code    28  main.o(i.TransmitResponsePacket)
    UsageFault_Handler                       0x08001c59   Thumb Code     2  stm32f2xx_it.o(i.UsageFault_Handler)
    __scatterload_copy                       0x08001c5b   Thumb Code    14  handlers.o(i.__scatterload_copy)
    __scatterload_null                       0x08001c69   Thumb Code     2  handlers.o(i.__scatterload_null)
    __scatterload_zeroinit                   0x08001c6b   Thumb Code    14  handlers.o(i.__scatterload_zeroinit)
    main                                     0x08001c79   Thumb Code   134  main.o(i.main)
    AHBPrescTable                            0x08001d10   Data          16  system_stm32f2xx.o(.constdata)
    Region$$Table$$Base                      0x08001d20   Number         0  anon$$obj.o(Region$$Table)
    Region$$Table$$Limit                     0x08001d40   Number         0  anon$$obj.o(Region$$Table)
    PageIndex                                0x20000000   Data           1  main.o(.data)
    blState                                  0x20000001   Data           1  main.o(.data)
    PageBufferPtr                            0x20000004   Data           4  main.o(.data)
    PageCRC                                  0x20000008   Data           4  main.o(.data)
    hcrc                                     0x2000000c   Data           8  crc.o(.data)
    uwTick                                   0x20000014   Data           4  stm32f2xx_hal.o(.data)
    SystemCoreClock                          0x20000018   Data           4  system_stm32f2xx.o(.data)
    PageBuffer                               0x20000070   Data        1024  main.o(.bss)
    hcan1                                    0x20000470   Data          68  can.o(.bss)
    pFlash                                   0x200004b4   Data          32  stm32f2xx_hal_flash.o(.bss)
    __initial_sp                             0x200008d8   Data           0  startup_stm32f205xx.o(STACK)



==============================================================================

Memory Map of the image

  Image Entry point : 0x08000185

  Load Region LR_IROM1 (Base: 0x08000000, Size: 0x00001d5c, Max: 0x00080000, ABSOLUTE)

    Execution Region ER_IROM1 (Base: 0x08000000, Size: 0x00001d40, Max: 0x00080000, ABSOLUTE)

    Base Addr    Size         Type   Attr      Idx    E Section Name        Object

    0x08000000   0x00000184   Data   RO            3    RESET               startup_stm32f205xx.o
    0x08000184   0x00000000   Code   RO         1650  * .ARM.Collect$$$$00000000  mc_w.l(entry.o)
    0x08000184   0x00000004   Code   RO         1661    .ARM.Collect$$$$00000001  mc_w.l(entry2.o)
    0x08000188   0x00000004   Code   RO         1664    .ARM.Collect$$$$00000004  mc_w.l(entry5.o)
    0x0800018c   0x00000000   Code   RO         1666    .ARM.Collect$$$$00000008  mc_w.l(entry7b.o)
    0x0800018c   0x00000000   Code   RO         1668    .ARM.Collect$$$$0000000A  mc_w.l(entry8b.o)
    0x0800018c   0x00000008   Code   RO         1669    .ARM.Collect$$$$0000000B  mc_w.l(entry9a.o)
    0x08000194   0x00000000   Code   RO         1671    .ARM.Collect$$$$0000000D  mc_w.l(entry10a.o)
    0x08000194   0x00000000   Code   RO         1673    .ARM.Collect$$$$0000000F  mc_w.l(entry11a.o)
    0x08000194   0x00000004   Code   RO         1662    .ARM.Collect$$$$00002712  mc_w.l(entry2.o)
    0x08000198   0x00000024   Code   RO            4    .text               startup_stm32f205xx.o
    0x080001bc   0x00000062   Code   RO         1653    .text               mc_w.l(uldiv.o)
    0x0800021e   0x00000024   Code   RO         1655    .text               mc_w.l(memcpya.o)
    0x08000242   0x00000024   Code   RO         1657    .text               mc_w.l(memseta.o)
    0x08000266   0x0000001e   Code   RO         1675    .text               mc_w.l(llshl.o)
    0x08000284   0x00000020   Code   RO         1677    .text               mc_w.l(llushr.o)
    0x080002a4   0x00000024   Code   RO         1679    .text               mc_w.l(init.o)
    0x080002c8   0x00000002   Code   RO          279    i.BusFault_Handler  stm32f2xx_it.o
    0x080002ca   0x00000002   PAD
    0x080002cc   0x0000000c   Code   RO          280    i.CAN1_RX0_IRQHandler  stm32f2xx_it.o
    0x080002d8   0x0000000c   Code   RO          281    i.CAN1_RX1_IRQHandler  stm32f2xx_it.o
    0x080002e4   0x0000000c   Code   RO          282    i.CAN1_SCE_IRQHandler  stm32f2xx_it.o
    0x080002f0   0x0000000c   Code   RO          283    i.CAN1_TX_IRQHandler  stm32f2xx_it.o
    0x080002fc   0x00000126   Code   RO          421    i.CAN_Receive_IT    stm32f2xx_hal_can.o
    0x08000422   0x00000002   Code   RO          284    i.DebugMon_Handler  stm32f2xx_it.o
    0x08000424   0x00000002   Code   RO           13    i.Error_Handler     main.o
    0x08000426   0x00000002   PAD
    0x08000428   0x00000058   Code   RO         1180    i.FLASH_Erase_Sector  stm32f2xx_hal_flash_ex.o
    0x08000480   0x00000054   Code   RO         1181    i.FLASH_FlushCaches  stm32f2xx_hal_flash_ex.o
    0x080004d4   0x00000004   Code   RO          285    i.FLASH_IRQHandler  stm32f2xx_it.o
    0x080004d8   0x00000028   Code   RO         1182    i.FLASH_MassErase   stm32f2xx_hal_flash_ex.o
    0x08000500   0x00000020   Code   RO         1062    i.FLASH_Program_Byte  stm32f2xx_hal_flash.o
    0x08000520   0x00000028   Code   RO         1063    i.FLASH_Program_DoubleWord  stm32f2xx_hal_flash.o
    0x08000548   0x00000024   Code   RO         1064    i.FLASH_Program_HalfWord  stm32f2xx_hal_flash.o
    0x0800056c   0x00000024   Code   RO         1065    i.FLASH_Program_Word  stm32f2xx_hal_flash.o
    0x08000590   0x00000068   Code   RO         1066    i.FLASH_SetErrorCode  stm32f2xx_hal_flash.o
    0x080005f8   0x00000050   Code   RO         1067    i.FLASH_WaitForLastOperation  stm32f2xx_hal_flash.o
    0x08000648   0x000000e4   Code   RO          422    i.HAL_CAN_ConfigFilter  stm32f2xx_hal_can.o
    0x0800072c   0x00000002   Code   RO          424    i.HAL_CAN_ErrorCallback  stm32f2xx_hal_can.o
    0x0800072e   0x00000002   PAD
    0x08000730   0x00000234   Code   RO          427    i.HAL_CAN_IRQHandler  stm32f2xx_hal_can.o
    0x08000964   0x00000148   Code   RO          428    i.HAL_CAN_Init      stm32f2xx_hal_can.o
    0x08000aac   0x000000ac   Code   RO          196    i.HAL_CAN_MspInit   can.o
    0x08000b58   0x000000b4   Code   RO          432    i.HAL_CAN_Receive_IT  stm32f2xx_hal_can.o
    0x08000c0c   0x00000180   Code   RO           14    i.HAL_CAN_RxCpltCallback  main.o
    0x08000d8c   0x000001cc   Code   RO          435    i.HAL_CAN_Transmit  stm32f2xx_hal_can.o
    0x08000f58   0x00000002   Code   RO          437    i.HAL_CAN_TxCpltCallback  stm32f2xx_hal_can.o
    0x08000f5a   0x00000002   PAD
    0x08000f5c   0x0000003e   Code   RO          547    i.HAL_CRC_Calculate  stm32f2xx_hal_crc.o
    0x08000f9a   0x00000026   Code   RO          550    i.HAL_CRC_Init      stm32f2xx_hal_crc.o
    0x08000fc0   0x00000028   Code   RO          238    i.HAL_CRC_MspInit   crc.o
    0x08000fe8   0x00000034   Code   RO          648    i.HAL_DeInit        stm32f2xx_hal.o
    0x0800101c   0x0000001c   Code   RO          649    i.HAL_Delay         stm32f2xx_hal.o
    0x08001038   0x00000098   Code   RO         1183    i.HAL_FLASHEx_Erase  stm32f2xx_hal_flash_ex.o
    0x080010d0   0x00000002   Code   RO         1068    i.HAL_FLASH_EndOfOperationCallback  stm32f2xx_hal_flash.o
    0x080010d2   0x00000002   PAD
    0x080010d4   0x000000cc   Code   RO         1070    i.HAL_FLASH_IRQHandler  stm32f2xx_hal_flash.o
    0x080011a0   0x00000014   Code   RO         1071    i.HAL_FLASH_Lock    stm32f2xx_hal_flash.o
    0x080011b4   0x00000002   Code   RO         1075    i.HAL_FLASH_OperationErrorCallback  stm32f2xx_hal_flash.o
    0x080011b6   0x00000002   PAD
    0x080011b8   0x0000007c   Code   RO         1076    i.HAL_FLASH_Program  stm32f2xx_hal_flash.o
    0x08001234   0x00000028   Code   RO         1078    i.HAL_FLASH_Unlock  stm32f2xx_hal_flash.o
    0x0800125c   0x000001c0   Code   RO         1405    i.HAL_GPIO_Init     stm32f2xx_hal_gpio.o
    0x0800141c   0x00000008   Code   RO         1408    i.HAL_GPIO_TogglePin  stm32f2xx_hal_gpio.o
    0x08001424   0x0000000a   Code   RO         1409    i.HAL_GPIO_WritePin  stm32f2xx_hal_gpio.o
    0x0800142e   0x00000002   PAD
    0x08001430   0x0000000c   Code   RO          655    i.HAL_GetTick       stm32f2xx_hal.o
    0x0800143c   0x00000010   Code   RO          657    i.HAL_IncTick       stm32f2xx_hal.o
    0x0800144c   0x00000034   Code   RO          658    i.HAL_Init          stm32f2xx_hal.o
    0x08001480   0x00000028   Code   RO          659    i.HAL_InitTick      stm32f2xx_hal.o
    0x080014a8   0x00000002   Code   RO          660    i.HAL_MspDeInit     stm32f2xx_hal.o
    0x080014aa   0x00000002   PAD
    0x080014ac   0x00000060   Code   RO          397    i.HAL_MspInit       stm32f2xx_hal_msp.o
    0x0800150c   0x00000016   Code   RO          931    i.HAL_NVIC_DisableIRQ  stm32f2xx_hal_cortex.o
    0x08001522   0x00000016   Code   RO          932    i.HAL_NVIC_EnableIRQ  stm32f2xx_hal_cortex.o
    0x08001538   0x00000040   Code   RO          938    i.HAL_NVIC_SetPriority  stm32f2xx_hal_cortex.o
    0x08001578   0x00000024   Code   RO          939    i.HAL_NVIC_SetPriorityGrouping  stm32f2xx_hal_cortex.o
    0x0800159c   0x00000002   Code   RO         1255    i.HAL_PWR_PVDCallback  stm32f2xx_hal_pwr.o
    0x0800159e   0x00000002   PAD
    0x080015a0   0x0000001c   Code   RO         1256    i.HAL_PWR_PVD_IRQHandler  stm32f2xx_hal_pwr.o
    0x080015bc   0x00000138   Code   RO          796    i.HAL_RCC_ClockConfig  stm32f2xx_hal_rcc.o
    0x080016f4   0x00000060   Code   RO          805    i.HAL_RCC_GetSysClockFreq  stm32f2xx_hal_rcc.o
    0x08001754   0x000002e4   Code   RO          808    i.HAL_RCC_OscConfig  stm32f2xx_hal_rcc.o
    0x08001a38   0x00000002   Code   RO          942    i.HAL_SYSTICK_Callback  stm32f2xx_hal_cortex.o
    0x08001a3a   0x00000028   Code   RO          943    i.HAL_SYSTICK_Config  stm32f2xx_hal_cortex.o
    0x08001a62   0x00000008   Code   RO          944    i.HAL_SYSTICK_IRQHandler  stm32f2xx_hal_cortex.o
    0x08001a6a   0x00000002   Code   RO          286    i.HardFault_Handler  stm32f2xx_it.o
    0x08001a6c   0x0000001c   Code   RO           15    i.JumpToApplication  main.o
    0x08001a88   0x00000044   Code   RO          197    i.MX_CAN1_Init      can.o
    0x08001acc   0x00000024   Code   RO          239    i.MX_CRC_Init       crc.o
    0x08001af0   0x0000006c   Code   RO          168    i.MX_GPIO_Init      gpio.o
    0x08001b5c   0x00000002   Code   RO          287    i.MemManage_Handler  stm32f2xx_it.o
    0x08001b5e   0x00000002   Code   RO          288    i.NMI_Handler       stm32f2xx_it.o
    0x08001b60   0x00000020   Code   RO          945    i.NVIC_SetPriority  stm32f2xx_hal_cortex.o
    0x08001b80   0x00000004   Code   RO          289    i.PVD_IRQHandler    stm32f2xx_it.o
    0x08001b84   0x00000002   Code   RO          290    i.PendSV_Handler    stm32f2xx_it.o
    0x08001b86   0x00000002   Code   RO          291    i.RCC_IRQHandler    stm32f2xx_it.o
    0x08001b88   0x00000002   Code   RO          292    i.SVC_Handler       stm32f2xx_it.o
    0x08001b8a   0x0000000e   Code   RO          293    i.SysTick_Handler   stm32f2xx_it.o
    0x08001b98   0x00000056   Code   RO           16    i.SystemClock_Config  main.o
    0x08001bee   0x00000002   PAD
    0x08001bf0   0x00000048   Code   RO         1616    i.SystemInit        system_stm32f2xx.o
    0x08001c38   0x00000020   Code   RO           17    i.TransmitResponsePacket  main.o
    0x08001c58   0x00000002   Code   RO          294    i.UsageFault_Handler  stm32f2xx_it.o
    0x08001c5a   0x0000000e   Code   RO         1683    i.__scatterload_copy  mc_w.l(handlers.o)
    0x08001c68   0x00000002   Code   RO         1684    i.__scatterload_null  mc_w.l(handlers.o)
    0x08001c6a   0x0000000e   Code   RO         1685    i.__scatterload_zeroinit  mc_w.l(handlers.o)
    0x08001c78   0x00000098   Code   RO           18    i.main              main.o
    0x08001d10   0x00000010   Data   RO         1617    .constdata          system_stm32f2xx.o
    0x08001d20   0x00000020   Data   RO         1681    Region$$Table       anon$$obj.o


    Execution Region RW_IRAM1 (Base: 0x20000000, Size: 0x000008d8, Max: 0x00020000, ABSOLUTE)

    Base Addr    Size         Type   Attr      Idx    E Section Name        Object

    0x20000000   0x0000000c   Data   RW           20    .data               main.o
    0x2000000c   0x00000008   Data   RW          240    .data               crc.o
    0x20000014   0x00000004   Data   RW          664    .data               stm32f2xx_hal.o
    0x20000018   0x00000004   Data   RW         1619    .data               system_stm32f2xx.o
    0x2000001c   0x00000454   Zero   RW           19    .bss                main.o
    0x20000470   0x00000044   Zero   RW          198    .bss                can.o
    0x200004b4   0x00000020   Zero   RW         1079    .bss                stm32f2xx_hal_flash.o
    0x200004d4   0x00000004   PAD
    0x200004d8   0x00000400   Zero   RW            1    STACK               startup_stm32f205xx.o


==============================================================================

Image component sizes


      Code (inc. data)   RO Data    RW Data    ZI Data      Debug   Object Name

       240         22          0          0         68       1709   can.o
        76         18          0          8          0       1519   crc.o
       108          8          0          0          0        911   gpio.o
       684         46          0         12       1108     577331   main.o
        36          8        388          0       1024        820   startup_stm32f205xx.o
       202         26          0          4          0       5268   stm32f2xx_hal.o
      2058         40          0          0          0       7636   stm32f2xx_hal_can.o
       226         14          0          0          0      29245   stm32f2xx_hal_cortex.o
       100          0          0          0          0       1883   stm32f2xx_hal_crc.o
       720         76          0          0         32       8391   stm32f2xx_hal_flash.o
       364         22          0          0          0       3970   stm32f2xx_hal_flash_ex.o
       466         50          0          0          0       3029   stm32f2xx_hal_gpio.o
        96          4          0          0          0        886   stm32f2xx_hal_msp.o
        30          6          0          0          0       1079   stm32f2xx_hal_pwr.o
      1148         44          0          0          0       3826   stm32f2xx_hal_rcc.o
        88         24          0          0          0       7094   stm32f2xx_it.o
        72         18         16          4          0       1199   system_stm32f2xx.o

    ----------------------------------------------------------------------
      6734        426        436         28       2236     655796   Object Totals
         0          0         32          0          0          0   (incl. Generated)
        20          0          0          0          4          0   (incl. Padding)

    ----------------------------------------------------------------------

      Code (inc. data)   RO Data    RW Data    ZI Data      Debug   Library Member Name

         0          0          0          0          0          0   entry.o
         0          0          0          0          0          0   entry10a.o
         0          0          0          0          0          0   entry11a.o
         8          4          0          0          0          0   entry2.o
         4          0          0          0          0          0   entry5.o
         0          0          0          0          0          0   entry7b.o
         0          0          0          0          0          0   entry8b.o
         8          4          0          0          0          0   entry9a.o
        30          0          0          0          0          0   handlers.o
        36          8          0          0          0         68   init.o
        30          0          0          0          0         68   llshl.o
        32          0          0          0          0         68   llushr.o
        36          0          0          0          0         68   memcpya.o
        36          0          0          0          0        108   memseta.o
        98          0          0          0          0         92   uldiv.o

    ----------------------------------------------------------------------
       318         16          0          0          0        472   Library Totals
         0          0          0          0          0          0   (incl. Padding)

    ----------------------------------------------------------------------

      Code (inc. data)   RO Data    RW Data    ZI Data      Debug   Library Name

       318         16          0          0          0        472   mc_w.l

    ----------------------------------------------------------------------
       318         16          0          0          0        472   Library Totals

    ----------------------------------------------------------------------

==============================================================================


      Code (inc. data)   RO Data    RW Data    ZI Data      Debug   

      7052        442        436         28       2236     652416   Grand Totals
      7052        442        436         28       2236     652416   ELF Image Totals
      7052        442        436         28          0          0   ROM Totals

==============================================================================

    Total RO  Size (Code + RO Data)                 7488 (   7.31kB)
    Total RW  Size (RW Data + ZI Data)              2264 (   2.21kB)
    Total ROM Size (Code + RO Data + RW Data)       7516 (   7.34kB)

==============================================================================

